Archive member included to satisfy reference by file (symbol)

/home/knap-linux/st/stm32cubeclt_1.18.0/GNU-tools-for-STM32/bin/../lib/gcc/arm-none-eabi/13.3.1/../../../../arm-none-eabi/lib/thumb/v7e-m+fp/hard/libstdc++_nano.a(atexit_arm.o)
                              CMakeFiles/Console.dir/Core/Src/main.cpp.obj (__aeabi_atexit)
/home/knap-linux/st/stm32cubeclt_1.18.0/GNU-tools-for-STM32/bin/../lib/gcc/arm-none-eabi/13.3.1/../../../../arm-none-eabi/lib/thumb/v7e-m+fp/hard/libstdc++_nano.a(del_ops.o)
                              CMakeFiles/Console.dir/Core/Src/uart.cpp.obj (operator delete(void*, unsigned int))
/home/knap-linux/st/stm32cubeclt_1.18.0/GNU-tools-for-STM32/bin/../lib/gcc/arm-none-eabi/13.3.1/../../../../arm-none-eabi/lib/thumb/v7e-m+fp/hard/libstdc++_nano.a(functexcept.o)
                              CMakeFiles/Console.dir/Core/Src/console.cpp.obj (std::__throw_length_error(char const*))
/home/knap-linux/st/stm32cubeclt_1.18.0/GNU-tools-for-STM32/bin/../lib/gcc/arm-none-eabi/13.3.1/../../../../arm-none-eabi/lib/thumb/v7e-m+fp/hard/libstdc++_nano.a(functional.o)
                              CMakeFiles/Console.dir/Core/Src/console.cpp.obj (std::__throw_bad_function_call())
/home/knap-linux/st/stm32cubeclt_1.18.0/GNU-tools-for-STM32/bin/../lib/gcc/arm-none-eabi/13.3.1/../../../../arm-none-eabi/lib/thumb/v7e-m+fp/hard/libstdc++_nano.a(string-inst.o)
                              CMakeFiles/Console.dir/Core/Src/console.cpp.obj (std::__cxx11::basic_string<char, std::char_traits<char>, std::allocator<char> >::_M_is_local() const)
/home/knap-linux/st/stm32cubeclt_1.18.0/GNU-tools-for-STM32/bin/../lib/gcc/arm-none-eabi/13.3.1/../../../../arm-none-eabi/lib/thumb/v7e-m+fp/hard/libstdc++_nano.a(del_op.o)
                              /home/knap-linux/st/stm32cubeclt_1.18.0/GNU-tools-for-STM32/bin/../lib/gcc/arm-none-eabi/13.3.1/../../../../arm-none-eabi/lib/thumb/v7e-m+fp/hard/libstdc++_nano.a(del_ops.o) (operator delete(void*))
/home/knap-linux/st/stm32cubeclt_1.18.0/GNU-tools-for-STM32/bin/../lib/gcc/arm-none-eabi/13.3.1/../../../../arm-none-eabi/lib/thumb/v7e-m+fp/hard/libstdc++_nano.a(eh_exception.o)
                              /home/knap-linux/st/stm32cubeclt_1.18.0/GNU-tools-for-STM32/bin/../lib/gcc/arm-none-eabi/13.3.1/../../../../arm-none-eabi/lib/thumb/v7e-m+fp/hard/libstdc++_nano.a(functional.o) (std::exception::~exception())
/home/knap-linux/st/stm32cubeclt_1.18.0/GNU-tools-for-STM32/bin/../lib/gcc/arm-none-eabi/13.3.1/../../../../arm-none-eabi/lib/thumb/v7e-m+fp/hard/libstdc++_nano.a(new_op.o)
                              /home/knap-linux/st/stm32cubeclt_1.18.0/GNU-tools-for-STM32/bin/../lib/gcc/arm-none-eabi/13.3.1/../../../../arm-none-eabi/lib/thumb/v7e-m+fp/hard/libstdc++_nano.a(string-inst.o) (operator new(unsigned int))
/home/knap-linux/st/stm32cubeclt_1.18.0/GNU-tools-for-STM32/bin/../lib/gcc/arm-none-eabi/13.3.1/../../../../arm-none-eabi/lib/thumb/v7e-m+fp/hard/libstdc++_nano.a(si_class_type_info.o)
                              /home/knap-linux/st/stm32cubeclt_1.18.0/GNU-tools-for-STM32/bin/../lib/gcc/arm-none-eabi/13.3.1/../../../../arm-none-eabi/lib/thumb/v7e-m+fp/hard/libstdc++_nano.a(functional.o) (vtable for __cxxabiv1::__si_class_type_info)
/home/knap-linux/st/stm32cubeclt_1.18.0/GNU-tools-for-STM32/bin/../lib/gcc/arm-none-eabi/13.3.1/../../../../arm-none-eabi/lib/thumb/v7e-m+fp/hard/libstdc++_nano.a(tinfo.o)
                              /home/knap-linux/st/stm32cubeclt_1.18.0/GNU-tools-for-STM32/bin/../lib/gcc/arm-none-eabi/13.3.1/../../../../arm-none-eabi/lib/thumb/v7e-m+fp/hard/libstdc++_nano.a(si_class_type_info.o) (std::type_info::__is_pointer_p() const)
/home/knap-linux/st/stm32cubeclt_1.18.0/GNU-tools-for-STM32/bin/../lib/gcc/arm-none-eabi/13.3.1/../../../../arm-none-eabi/lib/thumb/v7e-m+fp/hard/libstdc++_nano.a(class_type_info.o)
                              /home/knap-linux/st/stm32cubeclt_1.18.0/GNU-tools-for-STM32/bin/../lib/gcc/arm-none-eabi/13.3.1/../../../../arm-none-eabi/lib/thumb/v7e-m+fp/hard/libstdc++_nano.a(si_class_type_info.o) (__cxxabiv1::__class_type_info::__do_upcast(__cxxabiv1::__class_type_info const*, void**) const)
/home/knap-linux/st/stm32cubeclt_1.18.0/GNU-tools-for-STM32/bin/../lib/gcc/arm-none-eabi/13.3.1/../../../../arm-none-eabi/lib/thumb/v7e-m+fp/hard/libstdc++_nano.a(new_handler.o)
                              /home/knap-linux/st/stm32cubeclt_1.18.0/GNU-tools-for-STM32/bin/../lib/gcc/arm-none-eabi/13.3.1/../../../../arm-none-eabi/lib/thumb/v7e-m+fp/hard/libstdc++_nano.a(new_op.o) (std::get_new_handler())
/home/knap-linux/st/stm32cubeclt_1.18.0/GNU-tools-for-STM32/bin/../lib/gcc/arm-none-eabi/13.3.1/../../../../arm-none-eabi/lib/thumb/v7e-m+fp/hard/libc_nano.a(libc_a-abort.o)
                              /home/knap-linux/st/stm32cubeclt_1.18.0/GNU-tools-for-STM32/bin/../lib/gcc/arm-none-eabi/13.3.1/../../../../arm-none-eabi/lib/thumb/v7e-m+fp/hard/libstdc++_nano.a(functexcept.o) (abort)
[...]
Memory Configuration

Name             Origin             Length             Attributes
RAM              0x20000000         0x00020000         xrw
FLASH            0x08000000         0x00080000         xr
*default*        0x00000000         0xffffffff

Linker script and memory map

LOAD /home/knap-linux/st/stm32cubeclt_1.18.0/GNU-tools-for-STM32/bin/../lib/gcc/arm-none-eabi/13.3.1/thumb/v7e-m+fp/hard/crti.o
LOAD /home/knap-linux/st/stm32cubeclt_1.18.0/GNU-tools-for-STM32/bin/../lib/gcc/arm-none-eabi/13.3.1/thumb/v7e-m+fp/hard/crtbegin.o
LOAD /home/knap-linux/st/stm32cubeclt_1.18.0/GNU-tools-for-STM32/bin/../lib/gcc/arm-none-eabi/13.3.1/../../../../arm-none-eabi/lib/thumb/v7e-m+fp/hard/crt0.o
START GROUP
END GROUP
START GROUP
LOAD /home/knap-linux/st/stm32cubeclt_1.18.0/GNU-tools-for-STM32/bin/../lib/gcc/arm-none-eabi/13.3.1/../../../../arm-none-eabi/lib/thumb/v7e-m+fp/hard/libstdc++_nano.a
LOAD /home/knap-linux/st/stm32cubeclt_1.18.0/GNU-tools-for-STM32/bin/../lib/gcc/arm-none-eabi/13.3.1/../../../../arm-none-eabi/lib/thumb/v7e-m+fp/hard/libsupc++_nano.a
END GROUP
LOAD cmake/stm32cubemx/CMakeFiles/STM32_Drivers.dir/__/__/Core/Src/system_stm32g4xx.c.obj
LOAD cmake/stm32cubemx/CMakeFiles/STM32_Drivers.dir/__/__/Drivers/STM32G4xx_HAL_Driver/Src/stm32g4xx_ll_utils.c.obj
LOAD cmake/stm32cubemx/CMakeFiles/STM32_Drivers.dir/__/__/Drivers/STM32G4xx_HAL_Driver/Src/stm32g4xx_ll_exti.c.obj
LOAD cmake/stm32cubemx/CMakeFiles/STM32_Drivers.dir/__/__/Drivers/STM32G4xx_HAL_Driver/Src/stm32g4xx_hal_tim.c.obj
LOAD cmake/stm32cubemx/CMakeFiles/STM32_Drivers.dir/__/__/Drivers/STM32G4xx_HAL_Driver/Src/stm32g4xx_hal_tim_ex.c.obj
LOAD cmake/stm32cubemx/CMakeFiles/STM32_Drivers.dir/__/__/Drivers/STM32G4xx_HAL_Driver/Src/stm32g4xx_hal_adc.c.obj
LOAD cmake/stm32cubemx/CMakeFiles/STM32_Drivers.dir/__/__/Drivers/STM32G4xx_HAL_Driver/Src/stm32g4xx_hal_adc_ex.c.obj
LOAD cmake/stm32cubemx/CMakeFiles/STM32_Drivers.dir/__/__/Drivers/STM32G4xx_HAL_Driver/Src/stm32g4xx_ll_adc.c.obj
LOAD cmake/stm32cubemx/CMakeFiles/STM32_Drivers.dir/__/__/Drivers/STM32G4xx_HAL_Driver/Src/stm32g4xx_hal.c.obj
LOAD cmake/stm32cubemx/CMakeFiles/STM32_Drivers.dir/__/__/Drivers/STM32G4xx_HAL_Driver/Src/stm32g4xx_hal_rcc.c.obj
LOAD cmake/stm32cubemx/CMakeFiles/STM32_Drivers.dir/__/__/Drivers/STM32G4xx_HAL_Driver/Src/stm32g4xx_hal_rcc_ex.c.obj
LOAD cmake/stm32cubemx/CMakeFiles/STM32_Drivers.dir/__/__/Drivers/STM32G4xx_HAL_Driver/Src/stm32g4xx_hal_flash.c.obj
LOAD cmake/stm32cubemx/CMakeFiles/STM32_Drivers.dir/__/__/Drivers/STM32G4xx_HAL_Driver/Src/stm32g4xx_hal_flash_ex.c.obj
LOAD cmake/stm32cubemx/CMakeFiles/STM32_Drivers.dir/__/__/Drivers/STM32G4xx_HAL_Driver/Src/stm32g4xx_hal_flash_ramfunc.c.obj
LOAD cmake/stm32cubemx/CMakeFiles/STM32_Drivers.dir/__/__/Drivers/STM32G4xx_HAL_Driver/Src/stm32g4xx_hal_gpio.c.obj
LOAD cmake/stm32cubemx/CMakeFiles/STM32_Drivers.dir/__/__/Drivers/STM32G4xx_HAL_Driver/Src/stm32g4xx_hal_exti.c.obj
LOAD cmake/stm32cubemx/CMakeFiles/STM32_Drivers.dir/__/__/Drivers/STM32G4xx_HAL_Driver/Src/stm32g4xx_hal_dma.c.obj
LOAD cmake/stm32cubemx/CMakeFiles/STM32_Drivers.dir/__/__/Drivers/STM32G4xx_HAL_Driver/Src/stm32g4xx_hal_dma_ex.c.obj
LOAD cmake/stm32cubemx/CMakeFiles/STM32_Drivers.dir/__/__/Drivers/STM32G4xx_HAL_Driver/Src/stm32g4xx_hal_pwr.c.obj
LOAD cmake/stm32cubemx/CMakeFiles/STM32_Drivers.dir/__/__/Drivers/STM32G4xx_HAL_Driver/Src/stm32g4xx_hal_pwr_ex.c.obj
LOAD cmake/stm32cubemx/CMakeFiles/STM32_Drivers.dir/__/__/Drivers/STM32G4xx_HAL_Driver/Src/stm32g4xx_hal_cortex.c.obj
LOAD cmake/stm32cubemx/CMakeFiles/STM32_Drivers.dir/__/__/Drivers/STM32G4xx_HAL_Driver/Src/stm32g4xx_ll_pwr.c.obj
LOAD cmake/stm32cubemx/CMakeFiles/STM32_Drivers.dir/__/__/Drivers/STM32G4xx_HAL_Driver/Src/stm32g4xx_hal_comp.c.obj
LOAD cmake/stm32cubemx/CMakeFiles/STM32_Drivers.dir/__/__/Drivers/STM32G4xx_HAL_Driver/Src/stm32g4xx_hal_dac.c.obj
LOAD cmake/stm32cubemx/CMakeFiles/STM32_Drivers.dir/__/__/Drivers/STM32G4xx_HAL_Driver/Src/stm32g4xx_hal_dac_ex.c.obj
LOAD cmake/stm32cubemx/CMakeFiles/STM32_Drivers.dir/__/__/Drivers/STM32G4xx_HAL_Driver/Src/stm32g4xx_hal_hrtim.c.obj
LOAD cmake/stm32cubemx/CMakeFiles/STM32_Drivers.dir/__/__/Drivers/STM32G4xx_HAL_Driver/Src/stm32g4xx_ll_ucpd.c.obj
LOAD cmake/stm32cubemx/CMakeFiles/STM32_Drivers.dir/__/__/Drivers/STM32G4xx_HAL_Driver/Src/stm32g4xx_ll_gpio.c.obj
LOAD cmake/stm32cubemx/CMakeFiles/STM32_Drivers.dir/__/__/Drivers/STM32G4xx_HAL_Driver/Src/stm32g4xx_ll_dma.c.obj
LOAD cmake/stm32cubemx/CMakeFiles/STM32_Drivers.dir/__/__/Drivers/STM32G4xx_HAL_Driver/Src/stm32g4xx_hal_uart.c.obj
LOAD cmake/stm32cubemx/CMakeFiles/STM32_Drivers.dir/__/__/Drivers/STM32G4xx_HAL_Driver/Src/stm32g4xx_hal_uart_ex.c.obj
LOAD cmake/stm32cubemx/CMakeFiles/STM32_Drivers.dir/__/__/Drivers/STM32G4xx_HAL_Driver/Src/stm32g4xx_hal_pcd.c.obj
LOAD cmake/stm32cubemx/CMakeFiles/STM32_Drivers.dir/__/__/Drivers/STM32G4xx_HAL_Driver/Src/stm32g4xx_hal_pcd_ex.c.obj
LOAD cmake/stm32cubemx/CMakeFiles/STM32_Drivers.dir/__/__/Drivers/STM32G4xx_HAL_Driver/Src/stm32g4xx_ll_usb.c.obj
LOAD cmake/stm32cubemx/CMakeFiles/FreeRTOS.dir/__/__/Middlewares/Third_Party/FreeRTOS/Source/croutine.c.obj
LOAD cmake/stm32cubemx/CMakeFiles/FreeRTOS.dir/__/__/Middlewares/Third_Party/FreeRTOS/Source/event_groups.c.obj
LOAD cmake/stm32cubemx/CMakeFiles/FreeRTOS.dir/__/__/Middlewares/Third_Party/FreeRTOS/Source/list.c.obj
LOAD cmake/stm32cubemx/CMakeFiles/FreeRTOS.dir/__/__/Middlewares/Third_Party/FreeRTOS/Source/queue.c.obj
LOAD cmake/stm32cubemx/CMakeFiles/FreeRTOS.dir/__/__/Middlewares/Third_Party/FreeRTOS/Source/stream_buffer.c.obj
LOAD cmake/stm32cubemx/CMakeFiles/FreeRTOS.dir/__/__/Middlewares/Third_Party/FreeRTOS/Source/tasks.c.obj
LOAD cmake/stm32cubemx/CMakeFiles/FreeRTOS.dir/__/__/Middlewares/Third_Party/FreeRTOS/Source/timers.c.obj
LOAD cmake/stm32cubemx/CMakeFiles/FreeRTOS.dir/__/__/Middlewares/Third_Party/FreeRTOS/Source/CMSIS_RTOS_V2/cmsis_os2.c.obj
LOAD cmake/stm32cubemx/CMakeFiles/FreeRTOS.dir/__/__/Middlewares/Third_Party/FreeRTOS/Source/portable/MemMang/heap_4.c.obj
LOAD cmake/stm32cubemx/CMakeFiles/FreeRTOS.dir/__/__/Middlewares/Third_Party/FreeRTOS/Source/portable/GCC/ARM_CM4F/port.c.obj
LOAD CMakeFiles/Console.dir/Core/Src/main.cpp.obj
LOAD CMakeFiles/Console.dir/Core/Src/app_freertos.c.obj
LOAD CMakeFiles/Console.dir/Core/Src/stm32g4xx_it.c.obj
LOAD CMakeFiles/Console.dir/Core/Src/stm32g4xx_hal_msp.c.obj
LOAD CMakeFiles/Console.dir/Core/Src/stm32g4xx_hal_timebase_tim.c.obj
LOAD CMakeFiles/Console.dir/Core/Src/sysmem.c.obj
LOAD CMakeFiles/Console.dir/Core/Src/syscalls.c.obj
LOAD CMakeFiles/Console.dir/startup_stm32g474xx.s.obj
LOAD CMakeFiles/Console.dir/Core/Src/logger.c.obj
LOAD CMakeFiles/Console.dir/Core/Src/uart.cpp.obj
LOAD CMakeFiles/Console.dir/Core/Src/console.cpp.obj
LOAD /home/knap-linux/st/stm32cubeclt_1.18.0/GNU-tools-for-STM32/bin/../lib/gcc/arm-none-eabi/13.3.1/../../../../arm-none-eabi/lib/thumb/v7e-m+fp/hard/libstdc++_nano.a
LOAD /home/knap-linux/st/stm32cubeclt_1.18.0/GNU-tools-for-STM32/bin/../lib/gcc/arm-none-eabi/13.3.1/../../../../arm-none-eabi/lib/thumb/v7e-m+fp/hard/libm.a
LOAD /home/knap-linux/st/stm32cubeclt_1.18.0/GNU-tools-for-STM32/bin/../lib/gcc/arm-none-eabi/13.3.1/../../../../arm-none-eabi/lib/thumb/v7e-m+fp/hard/libc_nano.a
START GROUP
LOAD /home/knap-linux/st/stm32cubeclt_1.18.0/GNU-tools-for-STM32/bin/../lib/gcc/arm-none-eabi/13.3.1/thumb/v7e-m+fp/hard/libgcc.a
LOAD /home/knap-linux/st/stm32cubeclt_1.18.0/GNU-tools-for-STM32/bin/../lib/gcc/arm-none-eabi/13.3.1/../../../../arm-none-eabi/lib/thumb/v7e-m+fp/hard/libg_nano.a
LOAD /home/knap-linux/st/stm32cubeclt_1.18.0/GNU-tools-for-STM32/bin/../lib/gcc/arm-none-eabi/13.3.1/../../../../arm-none-eabi/lib/thumb/v7e-m+fp/hard/libc_nano.a
END GROUP
START GROUP
LOAD /home/knap-linux/st/stm32cubeclt_1.18.0/GNU-tools-for-STM32/bin/../lib/gcc/arm-none-eabi/13.3.1/thumb/v7e-m+fp/hard/libgcc.a
LOAD /home/knap-linux/st/stm32cubeclt_1.18.0/GNU-tools-for-STM32/bin/../lib/gcc/arm-none-eabi/13.3.1/../../../../arm-none-eabi/lib/thumb/v7e-m+fp/hard/libc_nano.a
END GROUP
LOAD /home/knap-linux/st/stm32cubeclt_1.18.0/GNU-tools-for-STM32/bin/../lib/gcc/arm-none-eabi/13.3.1/thumb/v7e-m+fp/hard/crtend.o
LOAD /home/knap-linux/st/stm32cubeclt_1.18.0/GNU-tools-for-STM32/bin/../lib/gcc/arm-none-eabi/13.3.1/thumb/v7e-m+fp/hard/crtn.o
                0x20020000                        _estack = (ORIGIN (RAM) + LENGTH (RAM))
                0x00000200                        _Min_Heap_Size = 0x200
                0x00000400                        _Min_Stack_Size = 0x400

.isr_vector     0x08000000      0x1d8
                0x08000000                        . = ALIGN (0x4)
 *(.isr_vector)
 .isr_vector    0x08000000      0x1d8 CMakeFiles/Console.dir/startup_stm32g474xx.s.obj
                0x08000000                g_pfnVectors
                0x080001d8                        . = ALIGN (0x4)

.text           0x080001e0     0x9dec
                0x080001e0                        . = ALIGN (0x4)
 *(.text)
 .text          0x080001e0       0x40 /home/knap-linux/st/stm32cubeclt_1.18.0/GNU-tools-for-STM32/bin/../lib/gcc/arm-none-eabi/13.3.1/thumb/v7e-m+fp/hard/crtbegin.o
 .text          0x08000220       0xa0 /home/knap-linux/st/stm32cubeclt_1.18.0/GNU-tools-for-STM32/bin/../lib/gcc/arm-none-eabi/13.3.1/../../../../arm-none-eabi/lib/thumb/v7e-m+fp/hard/libc_nano.a(libc_a-memchr.o)
                0x08000220                memchr
 .text          0x080002c0       0x10 /home/knap-linux/st/stm32cubeclt_1.18.0/GNU-tools-for-STM32/bin/../lib/gcc/arm-none-eabi/13.3.1/../../../../arm-none-eabi/lib/thumb/v7e-m+fp/hard/libc_nano.a(libc_a-strlen.o)
                0x080002c0                strlen
 .text          0x080002d0       0x30 /home/knap-linux/st/stm32cubeclt_1.18.0/GNU-tools-for-STM32/bin/../lib/gcc/arm-none-eabi/13.3.1/thumb/v7e-m+fp/hard/libgcc.a(_aeabi_uldivmod.o)
                0x080002d0                __aeabi_uldivmod
 .text          0x08000300      0x2f8 /home/knap-linux/st/stm32cubeclt_1.18.0/GNU-tools-for-STM32/bin/../lib/gcc/arm-none-eabi/13.3.1/thumb/v7e-m+fp/hard/libgcc.a(_udivmoddi4.o)
                0x08000300                __udivmoddi4
 .text          0x080005f8        0x4 /home/knap-linux/st/stm32cubeclt_1.18.0/GNU-tools-for-STM32/bin/../lib/gcc/arm-none-eabi/13.3.1/thumb/v7e-m+fp/hard/libgcc.a(_dvmd_tls.o)
                0x080005f8                __aeabi_ldiv0
                0x080005f8                __aeabi_idiv0
 *(.text*)
 .text.SystemInit
                0x080005fc       0x14 cmake/stm32cubemx/CMakeFiles/STM32_Drivers.dir/__/__/Core/Src/system_stm32g4xx.c.obj
                0x080005fc                SystemInit
 .text.HAL_TIM_Base_MspInit
                0x08000610        0x2 cmake/stm32cubemx/CMakeFiles/STM32_Drivers.dir/__/__/Drivers/STM32G4xx_HAL_Driver/Src/stm32g4xx_hal_tim.c.obj
                0x08000610                HAL_TIM_Base_MspInit
 *fill*         0x08000612        0x2 
 .text.HAL_TIM_Base_Start_IT
                0x08000614       0x7c cmake/stm32cubemx/CMakeFiles/STM32_Drivers.dir/__/__/Drivers/STM32G4xx_HAL_Driver/Src/stm32g4xx_hal_tim.c.obj
                0x08000614                HAL_TIM_Base_Start_IT
 .text.HAL_TIM_OC_DelayElapsedCallback
                0x08000690        0x2 cmake/stm32cubemx/CMakeFiles/STM32_Drivers.dir/__/__/Drivers/STM32G4xx_HAL_Driver/Src/stm32g4xx_hal_tim.c.obj
                0x08000690                HAL_TIM_OC_DelayElapsedCallback
 .text.HAL_TIM_IC_CaptureCallback
                0x08000692        0x2 cmake/stm32cubemx/CMakeFiles/STM32_Drivers.dir/__/__/Drivers/STM32G4xx_HAL_Driver/Src/stm32g4xx_hal_tim.c.obj
                0x08000692                HAL_TIM_IC_CaptureCallback
 .text.HAL_TIM_PWM_PulseFinishedCallback
                0x08000694        0x2 cmake/stm32cubemx/CMakeFiles/STM32_Drivers.dir/__/__/Drivers/STM32G4xx_HAL_Driver/Src/stm32g4xx_hal_tim.c.obj
                0x08000694                HAL_TIM_PWM_PulseFinishedCallback
 .text.HAL_TIM_TriggerCallback
                0x08000696        0x2 cmake/stm32cubemx/CMakeFiles/STM32_Drivers.dir/__/__/Drivers/STM32G4xx_HAL_Driver/Src/stm32g4xx_hal_tim.c.obj
                0x08000696                HAL_TIM_TriggerCallback
 .text.HAL_TIM_IRQHandler
                0x08000698      0x19e cmake/stm32cubemx/CMakeFiles/STM32_Drivers.dir/__/__/Drivers/STM32G4xx_HAL_Driver/Src/stm32g4xx_hal_tim.c.obj
                0x08000698                HAL_TIM_IRQHandler
 *fill*         0x08000836        0x2 
 .text.TIM_Base_SetConfig
                0x08000838       0xc0 cmake/stm32cubemx/CMakeFiles/STM32_Drivers.dir/__/__/Drivers/STM32G4xx_HAL_Driver/Src/stm32g4xx_hal_tim.c.obj
                0x08000838                TIM_Base_SetConfig
 .text.HAL_TIM_Base_Init
                0x080008f8       0x60 cmake/stm32cubemx/CMakeFiles/STM32_Drivers.dir/__/__/Drivers/STM32G4xx_HAL_Driver/Src/stm32g4xx_hal_tim.c.obj
                0x080008f8                HAL_TIM_Base_Init
 .text.HAL_TIMEx_CommutCallback
                0x08000958        0x2 cmake/stm32cubemx/CMakeFiles/STM32_Drivers.dir/__/__/Drivers/STM32G4xx_HAL_Driver/Src/stm32g4xx_hal_tim_ex.c.obj
                0x08000958                HAL_TIMEx_CommutCallback
 .text.HAL_TIMEx_BreakCallback
                0x0800095a        0x2 cmake/stm32cubemx/CMakeFiles/STM32_Drivers.dir/__/__/Drivers/STM32G4xx_HAL_Driver/Src/stm32g4xx_hal_tim_ex.c.obj
                0x0800095a                HAL_TIMEx_BreakCallback
 .text.HAL_TIMEx_Break2Callback
                0x0800095c        0x2 cmake/stm32cubemx/CMakeFiles/STM32_Drivers.dir/__/__/Drivers/STM32G4xx_HAL_Driver/Src/stm32g4xx_hal_tim_ex.c.obj
                0x0800095c                HAL_TIMEx_Break2Callback
 .text.HAL_TIMEx_EncoderIndexCallback
                0x0800095e        0x2 cmake/stm32cubemx/CMakeFiles/STM32_Drivers.dir/__/__/Drivers/STM32G4xx_HAL_Driver/Src/stm32g4xx_hal_tim_ex.c.obj
                0x0800095e                HAL_TIMEx_EncoderIndexCallback
 .text.HAL_TIMEx_DirectionChangeCallback
                0x08000960        0x2 cmake/stm32cubemx/CMakeFiles/STM32_Drivers.dir/__/__/Drivers/STM32G4xx_HAL_Driver/Src/stm32g4xx_hal_tim_ex.c.obj
                0x08000960                HAL_TIMEx_DirectionChangeCallback
 .text.HAL_TIMEx_IndexErrorCallback
                0x08000962        0x2 cmake/stm32cubemx/CMakeFiles/STM32_Drivers.dir/__/__/Drivers/STM32G4xx_HAL_Driver/Src/stm32g4xx_hal_tim_ex.c.obj
                0x08000962                HAL_TIMEx_IndexErrorCallback
 .text.HAL_TIMEx_TransitionErrorCallback
                0x08000964        0x2 cmake/stm32cubemx/CMakeFiles/STM32_Drivers.dir/__/__/Drivers/STM32G4xx_HAL_Driver/Src/stm32g4xx_hal_tim_ex.c.obj
                0x08000964                HAL_TIMEx_TransitionErrorCallback
 .text.LL_ADC_SetChannelSamplingTime
                0x08000966       0x20 cmake/stm32cubemx/CMakeFiles/STM32_Drivers.dir/__/__/Drivers/STM32G4xx_HAL_Driver/Src/stm32g4xx_hal_adc.c.obj
 .text.LL_ADC_IsEnabled
                0x08000986        0x8 cmake/stm32cubemx/CMakeFiles/STM32_Drivers.dir/__/__/Drivers/STM32G4xx_HAL_Driver/Src/stm32g4xx_hal_adc.c.obj
 .text.LL_ADC_REG_IsConversionOngoing
                0x0800098e        0x8 cmake/stm32cubemx/CMakeFiles/STM32_Drivers.dir/__/__/Drivers/STM32G4xx_HAL_Driver/Src/stm32g4xx_hal_adc.c.obj
 *fill*         0x08000996        0x2 
 .text.HAL_ADC_Init
                0x08000998      0x224 cmake/stm32cubemx/CMakeFiles/STM32_Drivers.dir/__/__/Drivers/STM32G4xx_HAL_Driver/Src/stm32g4xx_hal_adc.c.obj
                0x08000998                HAL_ADC_Init
 .text.HAL_ADC_ConvCpltCallback
                0x08000bbc        0x2 cmake/stm32cubemx/CMakeFiles/STM32_Drivers.dir/__/__/Drivers/STM32G4xx_HAL_Driver/Src/stm32g4xx_hal_adc.c.obj
                0x08000bbc                HAL_ADC_ConvCpltCallback
 .text.HAL_ADC_LevelOutOfWindowCallback
                0x08000bbe        0x2 cmake/stm32cubemx/CMakeFiles/STM32_Drivers.dir/__/__/Drivers/STM32G4xx_HAL_Driver/Src/stm32g4xx_hal_adc.c.obj
                0x08000bbe                HAL_ADC_LevelOutOfWindowCallback
 .text.HAL_ADC_ErrorCallback
                0x08000bc0        0x2 cmake/stm32cubemx/CMakeFiles/STM32_Drivers.dir/__/__/Drivers/STM32G4xx_HAL_Driver/Src/stm32g4xx_hal_adc.c.obj
                0x08000bc0                HAL_ADC_ErrorCallback
 *fill*         0x08000bc2        0x2 
 .text.HAL_ADC_IRQHandler
                0x08000bc4      0x298 cmake/stm32cubemx/CMakeFiles/STM32_Drivers.dir/__/__/Drivers/STM32G4xx_HAL_Driver/Src/stm32g4xx_hal_adc.c.obj
                0x08000bc4                HAL_ADC_IRQHandler
 .text.HAL_ADC_ConfigChannel
                0x08000e5c      0x3f0 cmake/stm32cubemx/CMakeFiles/STM32_Drivers.dir/__/__/Drivers/STM32G4xx_HAL_Driver/Src/stm32g4xx_hal_adc.c.obj
                0x08000e5c                HAL_ADC_ConfigChannel
 .text.LL_ADC_IsEnabled
                0x0800124c        0x8 cmake/stm32cubemx/CMakeFiles/STM32_Drivers.dir/__/__/Drivers/STM32G4xx_HAL_Driver/Src/stm32g4xx_hal_adc_ex.c.obj
 .text.LL_ADC_REG_IsConversionOngoing
                0x08001254        0x8 cmake/stm32cubemx/CMakeFiles/STM32_Drivers.dir/__/__/Drivers/STM32G4xx_HAL_Driver/Src/stm32g4xx_hal_adc_ex.c.obj
 .text.HAL_ADCEx_InjectedConvCpltCallback
                0x0800125c        0x2 cmake/stm32cubemx/CMakeFiles/STM32_Drivers.dir/__/__/Drivers/STM32G4xx_HAL_Driver/Src/stm32g4xx_hal_adc_ex.c.obj
                0x0800125c                HAL_ADCEx_InjectedConvCpltCallback
 .text.HAL_ADCEx_InjectedQueueOverflowCallback
                0x0800125e        0x2 cmake/stm32cubemx/CMakeFiles/STM32_Drivers.dir/__/__/Drivers/STM32G4xx_HAL_Driver/Src/stm32g4xx_hal_adc_ex.c.obj
                0x0800125e                HAL_ADCEx_InjectedQueueOverflowCallback
 .text.HAL_ADCEx_LevelOutOfWindow2Callback
                0x08001260        0x2 cmake/stm32cubemx/CMakeFiles/STM32_Drivers.dir/__/__/Drivers/STM32G4xx_HAL_Driver/Src/stm32g4xx_hal_adc_ex.c.obj
                0x08001260                HAL_ADCEx_LevelOutOfWindow2Callback
 .text.HAL_ADCEx_LevelOutOfWindow3Callback
                0x08001262        0x2 cmake/stm32cubemx/CMakeFiles/STM32_Drivers.dir/__/__/Drivers/STM32G4xx_HAL_Driver/Src/stm32g4xx_hal_adc_ex.c.obj
                0x08001262                HAL_ADCEx_LevelOutOfWindow3Callback
 .text.HAL_ADCEx_EndOfSamplingCallback
                0x08001264        0x2 cmake/stm32cubemx/CMakeFiles/STM32_Drivers.dir/__/__/Drivers/STM32G4xx_HAL_Driver/Src/stm32g4xx_hal_adc_ex.c.obj
                0x08001264                HAL_ADCEx_EndOfSamplingCallback
 *fill*         0x08001266        0x2 
 .text.HAL_ADCEx_MultiModeConfigChannel
                0x08001268      0x130 cmake/stm32cubemx/CMakeFiles/STM32_Drivers.dir/__/__/Drivers/STM32G4xx_HAL_Driver/Src/stm32g4xx_hal_adc_ex.c.obj
                0x08001268                HAL_ADCEx_MultiModeConfigChannel
 .text.HAL_Init
                0x08001398       0x1e cmake/stm32cubemx/CMakeFiles/STM32_Drivers.dir/__/__/Drivers/STM32G4xx_HAL_Driver/Src/stm32g4xx_hal.c.obj
                0x08001398                HAL_Init
 *fill*         0x080013b6        0x2 
 .text.HAL_IncTick
                0x080013b8       0x18 cmake/stm32cubemx/CMakeFiles/STM32_Drivers.dir/__/__/Drivers/STM32G4xx_HAL_Driver/Src/stm32g4xx_hal.c.obj
                0x080013b8                HAL_IncTick
 .text.HAL_GetTick
                0x080013d0        0xc cmake/stm32cubemx/CMakeFiles/STM32_Drivers.dir/__/__/Drivers/STM32G4xx_HAL_Driver/Src/stm32g4xx_hal.c.obj
                0x080013d0                HAL_GetTick
 .text.HAL_RCC_OscConfig
                0x080013dc      0x418 cmake/stm32cubemx/CMakeFiles/STM32_Drivers.dir/__/__/Drivers/STM32G4xx_HAL_Driver/Src/stm32g4xx_hal_rcc.c.obj
                0x080013dc                HAL_RCC_OscConfig
 .text.HAL_RCC_GetSysClockFreq
                0x080017f4       0x6c cmake/stm32cubemx/CMakeFiles/STM32_Drivers.dir/__/__/Drivers/STM32G4xx_HAL_Driver/Src/stm32g4xx_hal_rcc.c.obj
                0x080017f4                HAL_RCC_GetSysClockFreq
 .text.HAL_RCC_ClockConfig
                0x08001860      0x1e8 cmake/stm32cubemx/CMakeFiles/STM32_Drivers.dir/__/__/Drivers/STM32G4xx_HAL_Driver/Src/stm32g4xx_hal_rcc.c.obj
                0x08001860                HAL_RCC_ClockConfig
 .text.HAL_RCC_GetHCLKFreq
                0x08001a48        0xc cmake/stm32cubemx/CMakeFiles/STM32_Drivers.dir/__/__/Drivers/STM32G4xx_HAL_Driver/Src/stm32g4xx_hal_rcc.c.obj
                0x08001a48                HAL_RCC_GetHCLKFreq
 .text.HAL_RCC_GetPCLK1Freq
                0x08001a54       0x24 cmake/stm32cubemx/CMakeFiles/STM32_Drivers.dir/__/__/Drivers/STM32G4xx_HAL_Driver/Src/stm32g4xx_hal_rcc.c.obj
                0x08001a54                HAL_RCC_GetPCLK1Freq
 .text.HAL_RCC_GetPCLK2Freq
                0x08001a78       0x24 cmake/stm32cubemx/CMakeFiles/STM32_Drivers.dir/__/__/Drivers/STM32G4xx_HAL_Driver/Src/stm32g4xx_hal_rcc.c.obj
                0x08001a78                HAL_RCC_GetPCLK2Freq
 .text.HAL_RCC_GetClockConfig
                0x08001a9c       0x3c cmake/stm32cubemx/CMakeFiles/STM32_Drivers.dir/__/__/Drivers/STM32G4xx_HAL_Driver/Src/stm32g4xx_hal_rcc.c.obj
                0x08001a9c                HAL_RCC_GetClockConfig
 .text.HAL_RCCEx_PeriphCLKConfig
                0x08001ad8      0x2f0 cmake/stm32cubemx/CMakeFiles/STM32_Drivers.dir/__/__/Drivers/STM32G4xx_HAL_Driver/Src/stm32g4xx_hal_rcc_ex.c.obj
                0x08001ad8                HAL_RCCEx_PeriphCLKConfig
 .text.HAL_GPIO_Init
                0x08001dc8      0x194 cmake/stm32cubemx/CMakeFiles/STM32_Drivers.dir/__/__/Drivers/STM32G4xx_HAL_Driver/Src/stm32g4xx_hal_gpio.c.obj
                0x08001dc8                HAL_GPIO_Init
 .text.HAL_GPIO_WritePin
                0x08001f5c        0xa cmake/stm32cubemx/CMakeFiles/STM32_Drivers.dir/__/__/Drivers/STM32G4xx_HAL_Driver/Src/stm32g4xx_hal_gpio.c.obj
                0x08001f5c                HAL_GPIO_WritePin
 .text.HAL_GPIO_TogglePin
                0x08001f66       0x12 cmake/stm32cubemx/CMakeFiles/STM32_Drivers.dir/__/__/Drivers/STM32G4xx_HAL_Driver/Src/stm32g4xx_hal_gpio.c.obj
                0x08001f66                HAL_GPIO_TogglePin
 .text.HAL_GPIO_EXTI_Callback
                0x08001f78        0x2 cmake/stm32cubemx/CMakeFiles/STM32_Drivers.dir/__/__/Drivers/STM32G4xx_HAL_Driver/Src/stm32g4xx_hal_gpio.c.obj
                0x08001f78                HAL_GPIO_EXTI_Callback
 *fill*         0x08001f7a        0x2 
 .text.HAL_GPIO_EXTI_IRQHandler
                0x08001f7c       0x18 cmake/stm32cubemx/CMakeFiles/STM32_Drivers.dir/__/__/Drivers/STM32G4xx_HAL_Driver/Src/stm32g4xx_hal_gpio.c.obj
                0x08001f7c                HAL_GPIO_EXTI_IRQHandler
 .text.HAL_DMA_Abort
                0x08001f94       0x64 cmake/stm32cubemx/CMakeFiles/STM32_Drivers.dir/__/__/Drivers/STM32G4xx_HAL_Driver/Src/stm32g4xx_hal_dma.c.obj
                0x08001f94                HAL_DMA_Abort
 .text.HAL_DMA_Abort_IT
                0x08001ff8       0x76 cmake/stm32cubemx/CMakeFiles/STM32_Drivers.dir/__/__/Drivers/STM32G4xx_HAL_Driver/Src/stm32g4xx_hal_dma.c.obj
                0x08001ff8                HAL_DMA_Abort_IT
 *fill*         0x0800206e        0x2 
 .text.HAL_PWREx_ControlVoltageScaling
                0x08002070       0xb0 cmake/stm32cubemx/CMakeFiles/STM32_Drivers.dir/__/__/Drivers/STM32G4xx_HAL_Driver/Src/stm32g4xx_hal_pwr_ex.c.obj
                0x08002070                HAL_PWREx_ControlVoltageScaling
 .text.HAL_NVIC_SetPriorityGrouping
                0x08002120       0x24 cmake/stm32cubemx/CMakeFiles/STM32_Drivers.dir/__/__/Drivers/STM32G4xx_HAL_Driver/Src/stm32g4xx_hal_cortex.c.obj
                0x08002120                HAL_NVIC_SetPriorityGrouping
 .text.HAL_NVIC_SetPriority
                0x08002144       0x64 cmake/stm32cubemx/CMakeFiles/STM32_Drivers.dir/__/__/Drivers/STM32G4xx_HAL_Driver/Src/stm32g4xx_hal_cortex.c.obj
                0x08002144                HAL_NVIC_SetPriority
 .text.HAL_NVIC_EnableIRQ
                0x080021a8       0x1c cmake/stm32cubemx/CMakeFiles/STM32_Drivers.dir/__/__/Drivers/STM32G4xx_HAL_Driver/Src/stm32g4xx_hal_cortex.c.obj
                0x080021a8                HAL_NVIC_EnableIRQ
 .text.HAL_COMP_Init
                0x080021c4      0x1fc cmake/stm32cubemx/CMakeFiles/STM32_Drivers.dir/__/__/Drivers/STM32G4xx_HAL_Driver/Src/stm32g4xx_hal_comp.c.obj
                0x080021c4                HAL_COMP_Init
 .text.HAL_DAC_Init
                0x080023c0       0x26 cmake/stm32cubemx/CMakeFiles/STM32_Drivers.dir/__/__/Drivers/STM32G4xx_HAL_Driver/Src/stm32g4xx_hal_dac.c.obj
                0x080023c0                HAL_DAC_Init
 .text.HAL_DAC_DMAUnderrunCallbackCh1
                0x080023e6        0x2 cmake/stm32cubemx/CMakeFiles/STM32_Drivers.dir/__/__/Drivers/STM32G4xx_HAL_Driver/Src/stm32g4xx_hal_dac.c.obj
                0x080023e6                HAL_DAC_DMAUnderrunCallbackCh1
 .text.HAL_DAC_IRQHandler
                0x080023e8       0x60 cmake/stm32cubemx/CMakeFiles/STM32_Drivers.dir/__/__/Drivers/STM32G4xx_HAL_Driver/Src/stm32g4xx_hal_dac.c.obj
                0x080023e8                HAL_DAC_IRQHandler
 .text.HAL_DAC_ConfigChannel
                0x08002448      0x1b8 cmake/stm32cubemx/CMakeFiles/STM32_Drivers.dir/__/__/Drivers/STM32G4xx_HAL_Driver/Src/stm32g4xx_hal_dac.c.obj
                0x08002448                HAL_DAC_ConfigChannel
 .text.HAL_DACEx_DMAUnderrunCallbackCh2
                0x08002600        0x2 cmake/stm32cubemx/CMakeFiles/STM32_Drivers.dir/__/__/Drivers/STM32G4xx_HAL_Driver/Src/stm32g4xx_hal_dac_ex.c.obj
                0x08002600                HAL_DACEx_DMAUnderrunCallbackCh2
 *fill*         0x08002602        0x2 
 .text.HRTIM_OutputConfig
                0x08002604       0xb4 cmake/stm32cubemx/CMakeFiles/STM32_Drivers.dir/__/__/Drivers/STM32G4xx_HAL_Driver/Src/stm32g4xx_hal_hrtim.c.obj
 .text.HRTIM_ForceRegistersUpdate
                0x080026b8       0x68 cmake/stm32cubemx/CMakeFiles/STM32_Drivers.dir/__/__/Drivers/STM32G4xx_HAL_Driver/Src/stm32g4xx_hal_hrtim.c.obj
 .text.HAL_HRTIM_Init
                0x08002720       0xac cmake/stm32cubemx/CMakeFiles/STM32_Drivers.dir/__/__/Drivers/STM32G4xx_HAL_Driver/Src/stm32g4xx_hal_hrtim.c.obj
                0x08002720                HAL_HRTIM_Init
 .text.HAL_HRTIM_DLLCalibrationStart
                0x080027cc       0x58 cmake/stm32cubemx/CMakeFiles/STM32_Drivers.dir/__/__/Drivers/STM32G4xx_HAL_Driver/Src/stm32g4xx_hal_hrtim.c.obj
                0x080027cc                HAL_HRTIM_DLLCalibrationStart
 .text.HAL_HRTIM_PollForDLLCalibration
                0x08002824       0x42 cmake/stm32cubemx/CMakeFiles/STM32_Drivers.dir/__/__/Drivers/STM32G4xx_HAL_Driver/Src/stm32g4xx_hal_hrtim.c.obj
                0x08002824                HAL_HRTIM_PollForDLLCalibration
 .text.HAL_HRTIM_TimeBaseConfig
                0x08002866       0x62 cmake/stm32cubemx/CMakeFiles/STM32_Drivers.dir/__/__/Drivers/STM32G4xx_HAL_Driver/Src/stm32g4xx_hal_hrtim.c.obj
                0x08002866                HAL_HRTIM_TimeBaseConfig
 .text.HAL_HRTIM_WaveformTimerConfig
                0x080028c8      0x26c cmake/stm32cubemx/CMakeFiles/STM32_Drivers.dir/__/__/Drivers/STM32G4xx_HAL_Driver/Src/stm32g4xx_hal_hrtim.c.obj
                0x080028c8                HAL_HRTIM_WaveformTimerConfig
 .text.HAL_HRTIM_WaveformTimerControl
                0x08002b34       0x82 cmake/stm32cubemx/CMakeFiles/STM32_Drivers.dir/__/__/Drivers/STM32G4xx_HAL_Driver/Src/stm32g4xx_hal_hrtim.c.obj
                0x08002b34                HAL_HRTIM_WaveformTimerControl
 .text.HAL_HRTIM_WaveformOutputConfig
                0x08002bb6       0x32 cmake/stm32cubemx/CMakeFiles/STM32_Drivers.dir/__/__/Drivers/STM32G4xx_HAL_Driver/Src/stm32g4xx_hal_hrtim.c.obj
                0x08002bb6                HAL_HRTIM_WaveformOutputConfig
 .text.HAL_HRTIM_Fault1Callback
                0x08002be8        0x2 cmake/stm32cubemx/CMakeFiles/STM32_Drivers.dir/__/__/Drivers/STM32G4xx_HAL_Driver/Src/stm32g4xx_hal_hrtim.c.obj
                0x08002be8                HAL_HRTIM_Fault1Callback
 .text.HAL_HRTIM_Fault2Callback
                0x08002bea        0x2 cmake/stm32cubemx/CMakeFiles/STM32_Drivers.dir/__/__/Drivers/STM32G4xx_HAL_Driver/Src/stm32g4xx_hal_hrtim.c.obj
                0x08002bea                HAL_HRTIM_Fault2Callback
 .text.HAL_HRTIM_Fault3Callback
                0x08002bec        0x2 cmake/stm32cubemx/CMakeFiles/STM32_Drivers.dir/__/__/Drivers/STM32G4xx_HAL_Driver/Src/stm32g4xx_hal_hrtim.c.obj
                0x08002bec                HAL_HRTIM_Fault3Callback
 .text.HAL_HRTIM_Fault4Callback
                0x08002bee        0x2 cmake/stm32cubemx/CMakeFiles/STM32_Drivers.dir/__/__/Drivers/STM32G4xx_HAL_Driver/Src/stm32g4xx_hal_hrtim.c.obj
                0x08002bee                HAL_HRTIM_Fault4Callback
 .text.HAL_HRTIM_Fault5Callback
                0x08002bf0        0x2 cmake/stm32cubemx/CMakeFiles/STM32_Drivers.dir/__/__/Drivers/STM32G4xx_HAL_Driver/Src/stm32g4xx_hal_hrtim.c.obj
                0x08002bf0                HAL_HRTIM_Fault5Callback
 .text.HAL_HRTIM_Fault6Callback
                0x08002bf2        0x2 cmake/stm32cubemx/CMakeFiles/STM32_Drivers.dir/__/__/Drivers/STM32G4xx_HAL_Driver/Src/stm32g4xx_hal_hrtim.c.obj
                0x08002bf2                HAL_HRTIM_Fault6Callback
 .text.HAL_HRTIM_SystemFaultCallback
                0x08002bf4        0x2 cmake/stm32cubemx/CMakeFiles/STM32_Drivers.dir/__/__/Drivers/STM32G4xx_HAL_Driver/Src/stm32g4xx_hal_hrtim.c.obj
                0x08002bf4                HAL_HRTIM_SystemFaultCallback
 .text.HAL_HRTIM_DLLCalibrationReadyCallback
                0x08002bf6        0x2 cmake/stm32cubemx/CMakeFiles/STM32_Drivers.dir/__/__/Drivers/STM32G4xx_HAL_Driver/Src/stm32g4xx_hal_hrtim.c.obj
                0x08002bf6                HAL_HRTIM_DLLCalibrationReadyCallback
 .text.HAL_HRTIM_BurstModePeriodCallback
                0x08002bf8        0x2 cmake/stm32cubemx/CMakeFiles/STM32_Drivers.dir/__/__/Drivers/STM32G4xx_HAL_Driver/Src/stm32g4xx_hal_hrtim.c.obj
                0x08002bf8                HAL_HRTIM_BurstModePeriodCallback
 .text.HAL_HRTIM_SynchronizationEventCallback
                0x08002bfa        0x2 cmake/stm32cubemx/CMakeFiles/STM32_Drivers.dir/__/__/Drivers/STM32G4xx_HAL_Driver/Src/stm32g4xx_hal_hrtim.c.obj
                0x08002bfa                HAL_HRTIM_SynchronizationEventCallback
 .text.HAL_HRTIM_RegistersUpdateCallback
                0x08002bfc        0x2 cmake/stm32cubemx/CMakeFiles/STM32_Drivers.dir/__/__/Drivers/STM32G4xx_HAL_Driver/Src/stm32g4xx_hal_hrtim.c.obj
                0x08002bfc                HAL_HRTIM_RegistersUpdateCallback
 .text.HAL_HRTIM_RepetitionEventCallback
                0x08002bfe        0x2 cmake/stm32cubemx/CMakeFiles/STM32_Drivers.dir/__/__/Drivers/STM32G4xx_HAL_Driver/Src/stm32g4xx_hal_hrtim.c.obj
                0x08002bfe                HAL_HRTIM_RepetitionEventCallback
 .text.HAL_HRTIM_Compare1EventCallback
                0x08002c00        0x2 cmake/stm32cubemx/CMakeFiles/STM32_Drivers.dir/__/__/Drivers/STM32G4xx_HAL_Driver/Src/stm32g4xx_hal_hrtim.c.obj
                0x08002c00                HAL_HRTIM_Compare1EventCallback
 .text.HAL_HRTIM_Compare2EventCallback
                0x08002c02        0x2 cmake/stm32cubemx/CMakeFiles/STM32_Drivers.dir/__/__/Drivers/STM32G4xx_HAL_Driver/Src/stm32g4xx_hal_hrtim.c.obj
                0x08002c02                HAL_HRTIM_Compare2EventCallback
 .text.HAL_HRTIM_Compare3EventCallback
                0x08002c04        0x2 cmake/stm32cubemx/CMakeFiles/STM32_Drivers.dir/__/__/Drivers/STM32G4xx_HAL_Driver/Src/stm32g4xx_hal_hrtim.c.obj
                0x08002c04                HAL_HRTIM_Compare3EventCallback
 .text.HAL_HRTIM_Compare4EventCallback
                0x08002c06        0x2 cmake/stm32cubemx/CMakeFiles/STM32_Drivers.dir/__/__/Drivers/STM32G4xx_HAL_Driver/Src/stm32g4xx_hal_hrtim.c.obj
                0x08002c06                HAL_HRTIM_Compare4EventCallback
 .text.HAL_HRTIM_Capture1EventCallback
                0x08002c08        0x2 cmake/stm32cubemx/CMakeFiles/STM32_Drivers.dir/__/__/Drivers/STM32G4xx_HAL_Driver/Src/stm32g4xx_hal_hrtim.c.obj
                0x08002c08                HAL_HRTIM_Capture1EventCallback
 .text.HAL_HRTIM_Capture2EventCallback
                0x08002c0a        0x2 cmake/stm32cubemx/CMakeFiles/STM32_Drivers.dir/__/__/Drivers/STM32G4xx_HAL_Driver/Src/stm32g4xx_hal_hrtim.c.obj
                0x08002c0a                HAL_HRTIM_Capture2EventCallback
 .text.HAL_HRTIM_DelayedProtectionCallback
                0x08002c0c        0x2 cmake/stm32cubemx/CMakeFiles/STM32_Drivers.dir/__/__/Drivers/STM32G4xx_HAL_Driver/Src/stm32g4xx_hal_hrtim.c.obj
                0x08002c0c                HAL_HRTIM_DelayedProtectionCallback
 .text.HAL_HRTIM_CounterResetCallback
                0x08002c0e        0x2 cmake/stm32cubemx/CMakeFiles/STM32_Drivers.dir/__/__/Drivers/STM32G4xx_HAL_Driver/Src/stm32g4xx_hal_hrtim.c.obj
                0x08002c0e                HAL_HRTIM_CounterResetCallback
 .text.HAL_HRTIM_Output1SetCallback
                0x08002c10        0x2 cmake/stm32cubemx/CMakeFiles/STM32_Drivers.dir/__/__/Drivers/STM32G4xx_HAL_Driver/Src/stm32g4xx_hal_hrtim.c.obj
                0x08002c10                HAL_HRTIM_Output1SetCallback
 .text.HAL_HRTIM_Output1ResetCallback
                0x08002c12        0x2 cmake/stm32cubemx/CMakeFiles/STM32_Drivers.dir/__/__/Drivers/STM32G4xx_HAL_Driver/Src/stm32g4xx_hal_hrtim.c.obj
                0x08002c12                HAL_HRTIM_Output1ResetCallback
 .text.HAL_HRTIM_Output2SetCallback
                0x08002c14        0x2 cmake/stm32cubemx/CMakeFiles/STM32_Drivers.dir/__/__/Drivers/STM32G4xx_HAL_Driver/Src/stm32g4xx_hal_hrtim.c.obj
                0x08002c14                HAL_HRTIM_Output2SetCallback
 .text.HAL_HRTIM_Output2ResetCallback
                0x08002c16        0x2 cmake/stm32cubemx/CMakeFiles/STM32_Drivers.dir/__/__/Drivers/STM32G4xx_HAL_Driver/Src/stm32g4xx_hal_hrtim.c.obj
                0x08002c16                HAL_HRTIM_Output2ResetCallback
 .text.HAL_HRTIM_IRQHandler
                0x08002c18      0x322 cmake/stm32cubemx/CMakeFiles/STM32_Drivers.dir/__/__/Drivers/STM32G4xx_HAL_Driver/Src/stm32g4xx_hal_hrtim.c.obj
                0x08002c18                HAL_HRTIM_IRQHandler
 .text.LL_GPIO_Init
                0x08002f3a      0x138 cmake/stm32cubemx/CMakeFiles/STM32_Drivers.dir/__/__/Drivers/STM32G4xx_HAL_Driver/Src/stm32g4xx_ll_gpio.c.obj
                0x08002f3a                LL_GPIO_Init
 *fill*         0x08003072        0x2 
 .text.UART_EndRxTransfer
                0x08003074       0x58 cmake/stm32cubemx/CMakeFiles/STM32_Drivers.dir/__/__/Drivers/STM32G4xx_HAL_Driver/Src/stm32g4xx_hal_uart.c.obj
 .text.UART_TxISR_8BIT.part.0
                0x080030cc       0x26 cmake/stm32cubemx/CMakeFiles/STM32_Drivers.dir/__/__/Drivers/STM32G4xx_HAL_Driver/Src/stm32g4xx_hal_uart.c.obj
 .text.UART_TxISR_8BIT
                0x080030f2       0x30 cmake/stm32cubemx/CMakeFiles/STM32_Drivers.dir/__/__/Drivers/STM32G4xx_HAL_Driver/Src/stm32g4xx_hal_uart.c.obj
 .text.UART_TxISR_16BIT
                0x08003122       0x34 cmake/stm32cubemx/CMakeFiles/STM32_Drivers.dir/__/__/Drivers/STM32G4xx_HAL_Driver/Src/stm32g4xx_hal_uart.c.obj
 .text.UART_TxISR_8BIT_FIFOEN
                0x08003156       0x66 cmake/stm32cubemx/CMakeFiles/STM32_Drivers.dir/__/__/Drivers/STM32G4xx_HAL_Driver/Src/stm32g4xx_hal_uart.c.obj
 .text.UART_TxISR_16BIT_FIFOEN
                0x080031bc       0x6a cmake/stm32cubemx/CMakeFiles/STM32_Drivers.dir/__/__/Drivers/STM32G4xx_HAL_Driver/Src/stm32g4xx_hal_uart.c.obj
 *fill*         0x08003226        0x2 
 .text.HAL_UART_Transmit_IT
                0x08003228       0xac cmake/stm32cubemx/CMakeFiles/STM32_Drivers.dir/__/__/Drivers/STM32G4xx_HAL_Driver/Src/stm32g4xx_hal_uart.c.obj
                0x08003228                HAL_UART_Transmit_IT
 .text.HAL_UART_ErrorCallback
                0x080032d4        0x2 cmake/stm32cubemx/CMakeFiles/STM32_Drivers.dir/__/__/Drivers/STM32G4xx_HAL_Driver/Src/stm32g4xx_hal_uart.c.obj
                0x080032d4                HAL_UART_ErrorCallback
 .text.UART_DMAAbortOnError
                0x080032d6       0x10 cmake/stm32cubemx/CMakeFiles/STM32_Drivers.dir/__/__/Drivers/STM32G4xx_HAL_Driver/Src/stm32g4xx_hal_uart.c.obj
 .text.HAL_UARTEx_RxEventCallback
                0x080032e6        0x2 cmake/stm32cubemx/CMakeFiles/STM32_Drivers.dir/__/__/Drivers/STM32G4xx_HAL_Driver/Src/stm32g4xx_hal_uart.c.obj
                0x080032e6                HAL_UARTEx_RxEventCallback
 .text.HAL_UART_IRQHandler
                0x080032e8      0x304 cmake/stm32cubemx/CMakeFiles/STM32_Drivers.dir/__/__/Drivers/STM32G4xx_HAL_Driver/Src/stm32g4xx_hal_uart.c.obj
                0x080032e8                HAL_UART_IRQHandler
 .text.UART_RxISR_8BIT
                0x080035ec       0xcc cmake/stm32cubemx/CMakeFiles/STM32_Drivers.dir/__/__/Drivers/STM32G4xx_HAL_Driver/Src/stm32g4xx_hal_uart.c.obj
 .text.UART_RxISR_16BIT
                0x080036b8       0xc4 cmake/stm32cubemx/CMakeFiles/STM32_Drivers.dir/__/__/Drivers/STM32G4xx_HAL_Driver/Src/stm32g4xx_hal_uart.c.obj
 .text.UART_RxISR_8BIT_FIFOEN
                0x0800377c      0x1a0 cmake/stm32cubemx/CMakeFiles/STM32_Drivers.dir/__/__/Drivers/STM32G4xx_HAL_Driver/Src/stm32g4xx_hal_uart.c.obj
 .text.UART_RxISR_16BIT_FIFOEN
                0x0800391c      0x198 cmake/stm32cubemx/CMakeFiles/STM32_Drivers.dir/__/__/Drivers/STM32G4xx_HAL_Driver/Src/stm32g4xx_hal_uart.c.obj
 .text.UART_SetConfig
                0x08003ab4      0x258 cmake/stm32cubemx/CMakeFiles/STM32_Drivers.dir/__/__/Drivers/STM32G4xx_HAL_Driver/Src/stm32g4xx_hal_uart.c.obj
                0x08003ab4                UART_SetConfig
 .text.UART_AdvFeatureConfig
                0x08003d0c       0xa8 cmake/stm32cubemx/CMakeFiles/STM32_Drivers.dir/__/__/Drivers/STM32G4xx_HAL_Driver/Src/stm32g4xx_hal_uart.c.obj
                0x08003d0c                UART_AdvFeatureConfig
 .text.UART_WaitOnFlagUntilTimeout
                0x08003db4       0x90 cmake/stm32cubemx/CMakeFiles/STM32_Drivers.dir/__/__/Drivers/STM32G4xx_HAL_Driver/Src/stm32g4xx_hal_uart.c.obj
                0x08003db4                UART_WaitOnFlagUntilTimeout
 .text.UART_CheckIdleState
                0x08003e44       0xb6 cmake/stm32cubemx/CMakeFiles/STM32_Drivers.dir/__/__/Drivers/STM32G4xx_HAL_Driver/Src/stm32g4xx_hal_uart.c.obj
                0x08003e44                UART_CheckIdleState
 .text.HAL_UART_Init
                0x08003efa       0x60 cmake/stm32cubemx/CMakeFiles/STM32_Drivers.dir/__/__/Drivers/STM32G4xx_HAL_Driver/Src/stm32g4xx_hal_uart.c.obj
                0x08003efa                HAL_UART_Init
 *fill*         0x08003f5a        0x2 
 .text.UART_Start_Receive_IT
                0x08003f5c      0x114 cmake/stm32cubemx/CMakeFiles/STM32_Drivers.dir/__/__/Drivers/STM32G4xx_HAL_Driver/Src/stm32g4xx_hal_uart.c.obj
                0x08003f5c                UART_Start_Receive_IT
 .text.HAL_UART_Receive_IT
                0x08004070       0x44 cmake/stm32cubemx/CMakeFiles/STM32_Drivers.dir/__/__/Drivers/STM32G4xx_HAL_Driver/Src/stm32g4xx_hal_uart.c.obj
                0x08004070                HAL_UART_Receive_IT
 .text.UARTEx_SetNbDataToProcess
                0x080040b4       0x44 cmake/stm32cubemx/CMakeFiles/STM32_Drivers.dir/__/__/Drivers/STM32G4xx_HAL_Driver/Src/stm32g4xx_hal_uart_ex.c.obj
 .text.HAL_UARTEx_WakeupCallback
                0x080040f8        0x2 cmake/stm32cubemx/CMakeFiles/STM32_Drivers.dir/__/__/Drivers/STM32G4xx_HAL_Driver/Src/stm32g4xx_hal_uart_ex.c.obj
                0x080040f8                HAL_UARTEx_WakeupCallback
 .text.HAL_UARTEx_RxFifoFullCallback
                0x080040fa        0x2 cmake/stm32cubemx/CMakeFiles/STM32_Drivers.dir/__/__/Drivers/STM32G4xx_HAL_Driver/Src/stm32g4xx_hal_uart_ex.c.obj
                0x080040fa                HAL_UARTEx_RxFifoFullCallback
 .text.HAL_UARTEx_TxFifoEmptyCallback
                0x080040fc        0x2 cmake/stm32cubemx/CMakeFiles/STM32_Drivers.dir/__/__/Drivers/STM32G4xx_HAL_Driver/Src/stm32g4xx_hal_uart_ex.c.obj
                0x080040fc                HAL_UARTEx_TxFifoEmptyCallback
 .text.HAL_UARTEx_DisableFifoMode
                0x080040fe       0x36 cmake/stm32cubemx/CMakeFiles/STM32_Drivers.dir/__/__/Drivers/STM32G4xx_HAL_Driver/Src/stm32g4xx_hal_uart_ex.c.obj
                0x080040fe                HAL_UARTEx_DisableFifoMode
 .text.HAL_UARTEx_SetTxFifoThreshold
                0x08004134       0x40 cmake/stm32cubemx/CMakeFiles/STM32_Drivers.dir/__/__/Drivers/STM32G4xx_HAL_Driver/Src/stm32g4xx_hal_uart_ex.c.obj
                0x08004134                HAL_UARTEx_SetTxFifoThreshold
 .text.HAL_UARTEx_SetRxFifoThreshold
                0x08004174       0x40 cmake/stm32cubemx/CMakeFiles/STM32_Drivers.dir/__/__/Drivers/STM32G4xx_HAL_Driver/Src/stm32g4xx_hal_uart_ex.c.obj
                0x08004174                HAL_UARTEx_SetRxFifoThreshold
 .text.HAL_PCD_Init
                0x080041b4       0xa8 cmake/stm32cubemx/CMakeFiles/STM32_Drivers.dir/__/__/Drivers/STM32G4xx_HAL_Driver/Src/stm32g4xx_hal_pcd.c.obj
                0x080041b4                HAL_PCD_Init
 .text.HAL_PCD_DataOutStageCallback
                0x0800425c        0x2 cmake/stm32cubemx/CMakeFiles/STM32_Drivers.dir/__/__/Drivers/STM32G4xx_HAL_Driver/Src/stm32g4xx_hal_pcd.c.obj
                0x0800425c                HAL_PCD_DataOutStageCallback
 .text.HAL_PCD_DataInStageCallback
                0x0800425e        0x2 cmake/stm32cubemx/CMakeFiles/STM32_Drivers.dir/__/__/Drivers/STM32G4xx_HAL_Driver/Src/stm32g4xx_hal_pcd.c.obj
                0x0800425e                HAL_PCD_DataInStageCallback
 .text.HAL_PCD_SetupStageCallback
                0x08004260        0x2 cmake/stm32cubemx/CMakeFiles/STM32_Drivers.dir/__/__/Drivers/STM32G4xx_HAL_Driver/Src/stm32g4xx_hal_pcd.c.obj
                0x08004260                HAL_PCD_SetupStageCallback
 .text.HAL_PCD_SOFCallback
                0x08004262        0x2 cmake/stm32cubemx/CMakeFiles/STM32_Drivers.dir/__/__/Drivers/STM32G4xx_HAL_Driver/Src/stm32g4xx_hal_pcd.c.obj
                0x08004262                HAL_PCD_SOFCallback
 .text.HAL_PCD_ResetCallback
                0x08004264        0x2 cmake/stm32cubemx/CMakeFiles/STM32_Drivers.dir/__/__/Drivers/STM32G4xx_HAL_Driver/Src/stm32g4xx_hal_pcd.c.obj
                0x08004264                HAL_PCD_ResetCallback
 .text.HAL_PCD_SuspendCallback
                0x08004266        0x2 cmake/stm32cubemx/CMakeFiles/STM32_Drivers.dir/__/__/Drivers/STM32G4xx_HAL_Driver/Src/stm32g4xx_hal_pcd.c.obj
                0x08004266                HAL_PCD_SuspendCallback
 .text.HAL_PCD_ResumeCallback
                0x08004268        0x2 cmake/stm32cubemx/CMakeFiles/STM32_Drivers.dir/__/__/Drivers/STM32G4xx_HAL_Driver/Src/stm32g4xx_hal_pcd.c.obj
                0x08004268                HAL_PCD_ResumeCallback
 .text.HAL_PCD_SetAddress
                0x0800426a       0x26 cmake/stm32cubemx/CMakeFiles/STM32_Drivers.dir/__/__/Drivers/STM32G4xx_HAL_Driver/Src/stm32g4xx_hal_pcd.c.obj
                0x0800426a                HAL_PCD_SetAddress
 .text.HAL_PCD_IRQHandler
                0x08004290      0x9c0 cmake/stm32cubemx/CMakeFiles/STM32_Drivers.dir/__/__/Drivers/STM32G4xx_HAL_Driver/Src/stm32g4xx_hal_pcd.c.obj
                0x08004290                HAL_PCD_IRQHandler
 .text.HAL_PCDEx_ActivateLPM
                0x08004c50       0x2c cmake/stm32cubemx/CMakeFiles/STM32_Drivers.dir/__/__/Drivers/STM32G4xx_HAL_Driver/Src/stm32g4xx_hal_pcd_ex.c.obj
                0x08004c50                HAL_PCDEx_ActivateLPM
 .text.HAL_PCDEx_LPM_Callback
                0x08004c7c        0x2 cmake/stm32cubemx/CMakeFiles/STM32_Drivers.dir/__/__/Drivers/STM32G4xx_HAL_Driver/Src/stm32g4xx_hal_pcd_ex.c.obj
                0x08004c7c                HAL_PCDEx_LPM_Callback
 .text.USB_DisableGlobalInt
                0x08004c7e       0x14 cmake/stm32cubemx/CMakeFiles/STM32_Drivers.dir/__/__/Drivers/STM32G4xx_HAL_Driver/Src/stm32g4xx_ll_usb.c.obj
                0x08004c7e                USB_DisableGlobalInt
 .text.USB_DevInit
                0x08004c92       0x22 cmake/stm32cubemx/CMakeFiles/STM32_Drivers.dir/__/__/Drivers/STM32G4xx_HAL_Driver/Src/stm32g4xx_ll_usb.c.obj
                0x08004c92                USB_DevInit
 .text.USB_SetDevAddress
                0x08004cb4        0xc cmake/stm32cubemx/CMakeFiles/STM32_Drivers.dir/__/__/Drivers/STM32G4xx_HAL_Driver/Src/stm32g4xx_ll_usb.c.obj
                0x08004cb4                USB_SetDevAddress
 .text.USB_ReadInterrupts
                0x08004cc0        0x8 cmake/stm32cubemx/CMakeFiles/STM32_Drivers.dir/__/__/Drivers/STM32G4xx_HAL_Driver/Src/stm32g4xx_ll_usb.c.obj
                0x08004cc0                USB_ReadInterrupts
 .text.USB_WritePMA
                0x08004cc8       0x1e cmake/stm32cubemx/CMakeFiles/STM32_Drivers.dir/__/__/Drivers/STM32G4xx_HAL_Driver/Src/stm32g4xx_ll_usb.c.obj
                0x08004cc8                USB_WritePMA
 .text.USB_EPStartXfer
                0x08004ce6      0x300 cmake/stm32cubemx/CMakeFiles/STM32_Drivers.dir/__/__/Drivers/STM32G4xx_HAL_Driver/Src/stm32g4xx_ll_usb.c.obj
                0x08004ce6                USB_EPStartXfer
 .text.USB_ReadPMA
                0x08004fe6       0x36 cmake/stm32cubemx/CMakeFiles/STM32_Drivers.dir/__/__/Drivers/STM32G4xx_HAL_Driver/Src/stm32g4xx_ll_usb.c.obj
                0x08004fe6                USB_ReadPMA
 .text.vListInitialise
                0x0800501c       0x16 cmake/stm32cubemx/CMakeFiles/FreeRTOS.dir/__/__/Middlewares/Third_Party/FreeRTOS/Source/list.c.obj
                0x0800501c                vListInitialise
 .text.vListInitialiseItem
                0x08005032        0x6 cmake/stm32cubemx/CMakeFiles/FreeRTOS.dir/__/__/Middlewares/Third_Party/FreeRTOS/Source/list.c.obj
                0x08005032                vListInitialiseItem
 .text.vListInsertEnd
                0x08005038       0x16 cmake/stm32cubemx/CMakeFiles/FreeRTOS.dir/__/__/Middlewares/Third_Party/FreeRTOS/Source/list.c.obj
                0x08005038                vListInsertEnd
 .text.vListInsert
                0x0800504e       0x2e cmake/stm32cubemx/CMakeFiles/FreeRTOS.dir/__/__/Middlewares/Third_Party/FreeRTOS/Source/list.c.obj
                0x0800504e                vListInsert
 .text.uxListRemove
                0x0800507c       0x20 cmake/stm32cubemx/CMakeFiles/FreeRTOS.dir/__/__/Middlewares/Third_Party/FreeRTOS/Source/list.c.obj
                0x0800507c                uxListRemove
 .text.prvIsQueueEmpty
                0x0800509c       0x16 cmake/stm32cubemx/CMakeFiles/FreeRTOS.dir/__/__/Middlewares/Third_Party/FreeRTOS/Source/queue.c.obj
 .text.prvCopyDataToQueue
                0x080050b2       0x66 cmake/stm32cubemx/CMakeFiles/FreeRTOS.dir/__/__/Middlewares/Third_Party/FreeRTOS/Source/queue.c.obj
 .text.prvCopyDataFromQueue
                0x08005118       0x2c cmake/stm32cubemx/CMakeFiles/FreeRTOS.dir/__/__/Middlewares/Third_Party/FreeRTOS/Source/queue.c.obj
 .text.prvUnlockQueue
                0x08005144       0x6c cmake/stm32cubemx/CMakeFiles/FreeRTOS.dir/__/__/Middlewares/Third_Party/FreeRTOS/Source/queue.c.obj
 .text.xQueueGenericReset
                0x080051b0       0x7e cmake/stm32cubemx/CMakeFiles/FreeRTOS.dir/__/__/Middlewares/Third_Party/FreeRTOS/Source/queue.c.obj
                0x080051b0                xQueueGenericReset
 .text.xQueueGenericCreateStatic
                0x0800522e       0x9c cmake/stm32cubemx/CMakeFiles/FreeRTOS.dir/__/__/Middlewares/Third_Party/FreeRTOS/Source/queue.c.obj
                0x0800522e                xQueueGenericCreateStatic
 .text.xQueueGenericCreate
                0x080052ca       0x4e cmake/stm32cubemx/CMakeFiles/FreeRTOS.dir/__/__/Middlewares/Third_Party/FreeRTOS/Source/queue.c.obj
                0x080052ca                xQueueGenericCreate
 .text.xQueueCreateCountingSemaphoreStatic
                0x08005318       0x44 cmake/stm32cubemx/CMakeFiles/FreeRTOS.dir/__/__/Middlewares/Third_Party/FreeRTOS/Source/queue.c.obj
                0x08005318                xQueueCreateCountingSemaphoreStatic
 .text.xQueueCreateCountingSemaphore
                0x0800535c       0x3c cmake/stm32cubemx/CMakeFiles/FreeRTOS.dir/__/__/Middlewares/Third_Party/FreeRTOS/Source/queue.c.obj
                0x0800535c                xQueueCreateCountingSemaphore
 .text.xQueueGenericSend
                0x08005398      0x164 cmake/stm32cubemx/CMakeFiles/FreeRTOS.dir/__/__/Middlewares/Third_Party/FreeRTOS/Source/queue.c.obj
                0x08005398                xQueueGenericSend
 .text.xQueueCreateMutexStatic
                0x080054fc       0x2a cmake/stm32cubemx/CMakeFiles/FreeRTOS.dir/__/__/Middlewares/Third_Party/FreeRTOS/Source/queue.c.obj
                0x080054fc                xQueueCreateMutexStatic
 .text.xQueueGiveMutexRecursive
                0x08005526       0x3e cmake/stm32cubemx/CMakeFiles/FreeRTOS.dir/__/__/Middlewares/Third_Party/FreeRTOS/Source/queue.c.obj
                0x08005526                xQueueGiveMutexRecursive
 .text.xQueueCreateMutex
                0x08005564       0x3a cmake/stm32cubemx/CMakeFiles/FreeRTOS.dir/__/__/Middlewares/Third_Party/FreeRTOS/Source/queue.c.obj
                0x08005564                xQueueCreateMutex
 .text.xQueueGenericSendFromISR
                0x0800559e       0xba cmake/stm32cubemx/CMakeFiles/FreeRTOS.dir/__/__/Middlewares/Third_Party/FreeRTOS/Source/queue.c.obj
                0x0800559e                xQueueGenericSendFromISR
 .text.xQueueGiveFromISR
                0x08005658       0xa2 cmake/stm32cubemx/CMakeFiles/FreeRTOS.dir/__/__/Middlewares/Third_Party/FreeRTOS/Source/queue.c.obj
                0x08005658                xQueueGiveFromISR
 .text.xQueueReceive
                0x080056fa      0x13c cmake/stm32cubemx/CMakeFiles/FreeRTOS.dir/__/__/Middlewares/Third_Party/FreeRTOS/Source/queue.c.obj
                0x080056fa                xQueueReceive
 .text.xQueueSemaphoreTake
                0x08005836      0x17a cmake/stm32cubemx/CMakeFiles/FreeRTOS.dir/__/__/Middlewares/Third_Party/FreeRTOS/Source/queue.c.obj
                0x08005836                xQueueSemaphoreTake
 .text.xQueueTakeMutexRecursive
                0x080059b0       0x42 cmake/stm32cubemx/CMakeFiles/FreeRTOS.dir/__/__/Middlewares/Third_Party/FreeRTOS/Source/queue.c.obj
                0x080059b0                xQueueTakeMutexRecursive
 .text.xQueueReceiveFromISR
                0x080059f2       0x9a cmake/stm32cubemx/CMakeFiles/FreeRTOS.dir/__/__/Middlewares/Third_Party/FreeRTOS/Source/queue.c.obj
                0x080059f2                xQueueReceiveFromISR
 .text.vQueueAddToRegistry
                0x08005a8c       0x24 cmake/stm32cubemx/CMakeFiles/FreeRTOS.dir/__/__/Middlewares/Third_Party/FreeRTOS/Source/queue.c.obj
                0x08005a8c                vQueueAddToRegistry
 .text.vQueueUnregisterQueue
                0x08005ab0       0x30 cmake/stm32cubemx/CMakeFiles/FreeRTOS.dir/__/__/Middlewares/Third_Party/FreeRTOS/Source/queue.c.obj
                0x08005ab0                vQueueUnregisterQueue
 .text.vQueueDelete
                0x08005ae0       0x2a cmake/stm32cubemx/CMakeFiles/FreeRTOS.dir/__/__/Middlewares/Third_Party/FreeRTOS/Source/queue.c.obj
                0x08005ae0                vQueueDelete
 .text.vQueueWaitForMessageRestricted
                0x08005b0a       0x46 cmake/stm32cubemx/CMakeFiles/FreeRTOS.dir/__/__/Middlewares/Third_Party/FreeRTOS/Source/queue.c.obj
                0x08005b0a                vQueueWaitForMessageRestricted
 .text.prvAddNewTaskToReadyList
                0x08005b50      0x100 cmake/stm32cubemx/CMakeFiles/FreeRTOS.dir/__/__/Middlewares/Third_Party/FreeRTOS/Source/tasks.c.obj
 .text.prvAddCurrentTaskToDelayedList
                0x08005c50       0x70 cmake/stm32cubemx/CMakeFiles/FreeRTOS.dir/__/__/Middlewares/Third_Party/FreeRTOS/Source/tasks.c.obj
 .text.prvResetNextTaskUnblockTime
                0x08005cc0       0x24 cmake/stm32cubemx/CMakeFiles/FreeRTOS.dir/__/__/Middlewares/Third_Party/FreeRTOS/Source/tasks.c.obj
 .text.prvDeleteTCB
                0x08005ce4       0x36 cmake/stm32cubemx/CMakeFiles/FreeRTOS.dir/__/__/Middlewares/Third_Party/FreeRTOS/Source/tasks.c.obj
 *fill*         0x08005d1a        0x2 
 .text.prvIdleTask
                0x08005d1c       0x60 cmake/stm32cubemx/CMakeFiles/FreeRTOS.dir/__/__/Middlewares/Third_Party/FreeRTOS/Source/tasks.c.obj
 .text.prvInitialiseNewTask.constprop.0
                0x08005d7c       0x96 cmake/stm32cubemx/CMakeFiles/FreeRTOS.dir/__/__/Middlewares/Third_Party/FreeRTOS/Source/tasks.c.obj
 .text.xTaskCreateStatic
                0x08005e12       0x70 cmake/stm32cubemx/CMakeFiles/FreeRTOS.dir/__/__/Middlewares/Third_Party/FreeRTOS/Source/tasks.c.obj
                0x08005e12                xTaskCreateStatic
 .text.xTaskCreate
                0x08005e82       0x5c cmake/stm32cubemx/CMakeFiles/FreeRTOS.dir/__/__/Middlewares/Third_Party/FreeRTOS/Source/tasks.c.obj
                0x08005e82                xTaskCreate
 *fill*         0x08005ede        0x2 
 .text.vTaskStartScheduler
                0x08005ee0       0x8c cmake/stm32cubemx/CMakeFiles/FreeRTOS.dir/__/__/Middlewares/Third_Party/FreeRTOS/Source/tasks.c.obj
                0x08005ee0                vTaskStartScheduler
 .text.vTaskSuspendAll
                0x08005f6c       0x10 cmake/stm32cubemx/CMakeFiles/FreeRTOS.dir/__/__/Middlewares/Third_Party/FreeRTOS/Source/tasks.c.obj
                0x08005f6c                vTaskSuspendAll
 .text.xTaskGetTickCount
                0x08005f7c        0xc cmake/stm32cubemx/CMakeFiles/FreeRTOS.dir/__/__/Middlewares/Third_Party/FreeRTOS/Source/tasks.c.obj
                0x08005f7c                xTaskGetTickCount
 .text.xTaskIncrementTick
                0x08005f88      0x12c cmake/stm32cubemx/CMakeFiles/FreeRTOS.dir/__/__/Middlewares/Third_Party/FreeRTOS/Source/tasks.c.obj
                0x08005f88                xTaskIncrementTick
 .text.xTaskResumeAll
                0x080060b4       0xe8 cmake/stm32cubemx/CMakeFiles/FreeRTOS.dir/__/__/Middlewares/Third_Party/FreeRTOS/Source/tasks.c.obj
                0x080060b4                xTaskResumeAll
 .text.vTaskDelay
                0x0800619c       0x48 cmake/stm32cubemx/CMakeFiles/FreeRTOS.dir/__/__/Middlewares/Third_Party/FreeRTOS/Source/tasks.c.obj
                0x0800619c                vTaskDelay
 .text.vTaskSwitchContext
                0x080061e4       0x74 cmake/stm32cubemx/CMakeFiles/FreeRTOS.dir/__/__/Middlewares/Third_Party/FreeRTOS/Source/tasks.c.obj
                0x080061e4                vTaskSwitchContext
 .text.vTaskPlaceOnEventList
                0x08006258       0x34 cmake/stm32cubemx/CMakeFiles/FreeRTOS.dir/__/__/Middlewares/Third_Party/FreeRTOS/Source/tasks.c.obj
                0x08006258                vTaskPlaceOnEventList
 .text.vTaskPlaceOnEventListRestricted
                0x0800628c       0x3c cmake/stm32cubemx/CMakeFiles/FreeRTOS.dir/__/__/Middlewares/Third_Party/FreeRTOS/Source/tasks.c.obj
                0x0800628c                vTaskPlaceOnEventListRestricted
 .text.xTaskRemoveFromEventList
                0x080062c8       0x80 cmake/stm32cubemx/CMakeFiles/FreeRTOS.dir/__/__/Middlewares/Third_Party/FreeRTOS/Source/tasks.c.obj
                0x080062c8                xTaskRemoveFromEventList
 .text.vTaskInternalSetTimeOutState
                0x08006348       0x18 cmake/stm32cubemx/CMakeFiles/FreeRTOS.dir/__/__/Middlewares/Third_Party/FreeRTOS/Source/tasks.c.obj
                0x08006348                vTaskInternalSetTimeOutState
 .text.xTaskCheckForTimeOut
                0x08006360       0x78 cmake/stm32cubemx/CMakeFiles/FreeRTOS.dir/__/__/Middlewares/Third_Party/FreeRTOS/Source/tasks.c.obj
                0x08006360                xTaskCheckForTimeOut
 .text.vTaskMissedYield
                0x080063d8        0xc cmake/stm32cubemx/CMakeFiles/FreeRTOS.dir/__/__/Middlewares/Third_Party/FreeRTOS/Source/tasks.c.obj
                0x080063d8                vTaskMissedYield
 .text.xTaskGetCurrentTaskHandle
                0x080063e4        0xc cmake/stm32cubemx/CMakeFiles/FreeRTOS.dir/__/__/Middlewares/Third_Party/FreeRTOS/Source/tasks.c.obj
                0x080063e4                xTaskGetCurrentTaskHandle
 .text.xTaskGetSchedulerState
                0x080063f0       0x20 cmake/stm32cubemx/CMakeFiles/FreeRTOS.dir/__/__/Middlewares/Third_Party/FreeRTOS/Source/tasks.c.obj
                0x080063f0                xTaskGetSchedulerState
 .text.xTaskPriorityInherit
                0x08006410       0x7c cmake/stm32cubemx/CMakeFiles/FreeRTOS.dir/__/__/Middlewares/Third_Party/FreeRTOS/Source/tasks.c.obj
                0x08006410                xTaskPriorityInherit
 .text.xTaskPriorityDisinherit
                0x0800648c       0x84 cmake/stm32cubemx/CMakeFiles/FreeRTOS.dir/__/__/Middlewares/Third_Party/FreeRTOS/Source/tasks.c.obj
                0x0800648c                xTaskPriorityDisinherit
 .text.vTaskPriorityDisinheritAfterTimeout
                0x08006510       0x9c cmake/stm32cubemx/CMakeFiles/FreeRTOS.dir/__/__/Middlewares/Third_Party/FreeRTOS/Source/tasks.c.obj
                0x08006510                vTaskPriorityDisinheritAfterTimeout
 .text.pvTaskIncrementMutexHeldCount
                0x080065ac       0x18 cmake/stm32cubemx/CMakeFiles/FreeRTOS.dir/__/__/Middlewares/Third_Party/FreeRTOS/Source/tasks.c.obj
                0x080065ac                pvTaskIncrementMutexHeldCount
 .text.prvInsertTimerInActiveList
                0x080065c4       0x3c cmake/stm32cubemx/CMakeFiles/FreeRTOS.dir/__/__/Middlewares/Third_Party/FreeRTOS/Source/timers.c.obj
 .text.prvCheckForValidListAndQueue
                0x08006600       0x68 cmake/stm32cubemx/CMakeFiles/FreeRTOS.dir/__/__/Middlewares/Third_Party/FreeRTOS/Source/timers.c.obj
 .text.xTimerCreateTimerTask
                0x08006668       0x64 cmake/stm32cubemx/CMakeFiles/FreeRTOS.dir/__/__/Middlewares/Third_Party/FreeRTOS/Source/timers.c.obj
                0x08006668                xTimerCreateTimerTask
 .text.xTimerGenericCommand
                0x080066cc       0x58 cmake/stm32cubemx/CMakeFiles/FreeRTOS.dir/__/__/Middlewares/Third_Party/FreeRTOS/Source/timers.c.obj
                0x080066cc                xTimerGenericCommand
 .text.prvSampleTimeNow
                0x08006724       0xa4 cmake/stm32cubemx/CMakeFiles/FreeRTOS.dir/__/__/Middlewares/Third_Party/FreeRTOS/Source/timers.c.obj
 .text.prvTimerTask
                0x080067c8      0x1cc cmake/stm32cubemx/CMakeFiles/FreeRTOS.dir/__/__/Middlewares/Third_Party/FreeRTOS/Source/timers.c.obj
 .text.SysTick_Handler
                0x08006994       0x1a cmake/stm32cubemx/CMakeFiles/FreeRTOS.dir/__/__/Middlewares/Third_Party/FreeRTOS/Source/CMSIS_RTOS_V2/cmsis_os2.c.obj
                0x08006994                SysTick_Handler
 *fill*         0x080069ae        0x2 
 .text.osKernelInitialize
                0x080069b0       0x24 cmake/stm32cubemx/CMakeFiles/FreeRTOS.dir/__/__/Middlewares/Third_Party/FreeRTOS/Source/CMSIS_RTOS_V2/cmsis_os2.c.obj
                0x080069b0                osKernelInitialize
 .text.osKernelStart
                0x080069d4       0x34 cmake/stm32cubemx/CMakeFiles/FreeRTOS.dir/__/__/Middlewares/Third_Party/FreeRTOS/Source/CMSIS_RTOS_V2/cmsis_os2.c.obj
                0x080069d4                osKernelStart
 .text.osThreadNew
                0x08006a08       0x88 cmake/stm32cubemx/CMakeFiles/FreeRTOS.dir/__/__/Middlewares/Third_Party/FreeRTOS/Source/CMSIS_RTOS_V2/cmsis_os2.c.obj
                0x08006a08                osThreadNew
 .text.osDelay  0x08006a90       0x18 cmake/stm32cubemx/CMakeFiles/FreeRTOS.dir/__/__/Middlewares/Third_Party/FreeRTOS/Source/CMSIS_RTOS_V2/cmsis_os2.c.obj
                0x08006a90                osDelay
 .text.osMutexNew
                0x08006aa8       0x70 cmake/stm32cubemx/CMakeFiles/FreeRTOS.dir/__/__/Middlewares/Third_Party/FreeRTOS/Source/CMSIS_RTOS_V2/cmsis_os2.c.obj
                0x08006aa8                osMutexNew
 .text.osMutexAcquire
                0x08006b18       0x46 cmake/stm32cubemx/CMakeFiles/FreeRTOS.dir/__/__/Middlewares/Third_Party/FreeRTOS/Source/CMSIS_RTOS_V2/cmsis_os2.c.obj
                0x08006b18                osMutexAcquire
 .text.osMutexRelease
                0x08006b5e       0x3e cmake/stm32cubemx/CMakeFiles/FreeRTOS.dir/__/__/Middlewares/Third_Party/FreeRTOS/Source/CMSIS_RTOS_V2/cmsis_os2.c.obj
                0x08006b5e                osMutexRelease
 .text.osSemaphoreNew
                0x08006b9c       0x94 cmake/stm32cubemx/CMakeFiles/FreeRTOS.dir/__/__/Middlewares/Third_Party/FreeRTOS/Source/CMSIS_RTOS_V2/cmsis_os2.c.obj
                0x08006b9c                osSemaphoreNew
 .text.osSemaphoreAcquire
                0x08006c30       0x58 cmake/stm32cubemx/CMakeFiles/FreeRTOS.dir/__/__/Middlewares/Third_Party/FreeRTOS/Source/CMSIS_RTOS_V2/cmsis_os2.c.obj
                0x08006c30                osSemaphoreAcquire
 .text.osSemaphoreRelease
                0x08006c88       0x52 cmake/stm32cubemx/CMakeFiles/FreeRTOS.dir/__/__/Middlewares/Third_Party/FreeRTOS/Source/CMSIS_RTOS_V2/cmsis_os2.c.obj
                0x08006c88                osSemaphoreRelease
 .text.osMessageQueueNew
                0x08006cda       0x76 cmake/stm32cubemx/CMakeFiles/FreeRTOS.dir/__/__/Middlewares/Third_Party/FreeRTOS/Source/CMSIS_RTOS_V2/cmsis_os2.c.obj
                0x08006cda                osMessageQueueNew
 .text.osMessageQueuePut
                0x08006d50       0x62 cmake/stm32cubemx/CMakeFiles/FreeRTOS.dir/__/__/Middlewares/Third_Party/FreeRTOS/Source/CMSIS_RTOS_V2/cmsis_os2.c.obj
                0x08006d50                osMessageQueuePut
 .text.osMessageQueueGet
                0x08006db2       0x60 cmake/stm32cubemx/CMakeFiles/FreeRTOS.dir/__/__/Middlewares/Third_Party/FreeRTOS/Source/CMSIS_RTOS_V2/cmsis_os2.c.obj
                0x08006db2                osMessageQueueGet
 *fill*         0x08006e12        0x2 
 .text.vApplicationGetIdleTaskMemory
                0x08006e14       0x18 cmake/stm32cubemx/CMakeFiles/FreeRTOS.dir/__/__/Middlewares/Third_Party/FreeRTOS/Source/CMSIS_RTOS_V2/cmsis_os2.c.obj
                0x08006e14                vApplicationGetIdleTaskMemory
 .text.vApplicationGetTimerTaskMemory
                0x08006e2c       0x18 cmake/stm32cubemx/CMakeFiles/FreeRTOS.dir/__/__/Middlewares/Third_Party/FreeRTOS/Source/CMSIS_RTOS_V2/cmsis_os2.c.obj
                0x08006e2c                vApplicationGetTimerTaskMemory
 .text.prvInsertBlockIntoFreeList
                0x08006e44       0x4c cmake/stm32cubemx/CMakeFiles/FreeRTOS.dir/__/__/Middlewares/Third_Party/FreeRTOS/Source/portable/MemMang/heap_4.c.obj
 .text.pvPortMalloc
                0x08006e90      0x130 cmake/stm32cubemx/CMakeFiles/FreeRTOS.dir/__/__/Middlewares/Third_Party/FreeRTOS/Source/portable/MemMang/heap_4.c.obj
                0x08006e90                pvPortMalloc
 .text.vPortFree
                0x08006fc0       0x7c cmake/stm32cubemx/CMakeFiles/FreeRTOS.dir/__/__/Middlewares/Third_Party/FreeRTOS/Source/portable/MemMang/heap_4.c.obj
                0x08006fc0                vPortFree
 .text.prvPortStartFirstTask
                0x0800703c       0x28 cmake/stm32cubemx/CMakeFiles/FreeRTOS.dir/__/__/Middlewares/Third_Party/FreeRTOS/Source/portable/GCC/ARM_CM4F/port.c.obj
 .text.vPortEnableVFP
                0x08007064       0x14 cmake/stm32cubemx/CMakeFiles/FreeRTOS.dir/__/__/Middlewares/Third_Party/FreeRTOS/Source/portable/GCC/ARM_CM4F/port.c.obj
 .text.prvTaskExitError
                0x08007078       0x40 cmake/stm32cubemx/CMakeFiles/FreeRTOS.dir/__/__/Middlewares/Third_Party/FreeRTOS/Source/portable/GCC/ARM_CM4F/port.c.obj
 .text.pxPortInitialiseStack
                0x080070b8       0x2c cmake/stm32cubemx/CMakeFiles/FreeRTOS.dir/__/__/Middlewares/Third_Party/FreeRTOS/Source/portable/GCC/ARM_CM4F/port.c.obj
                0x080070b8                pxPortInitialiseStack
 *fill*         0x080070e4        0xc 
 .text.SVC_Handler
                0x080070f0       0x24 cmake/stm32cubemx/CMakeFiles/FreeRTOS.dir/__/__/Middlewares/Third_Party/FreeRTOS/Source/portable/GCC/ARM_CM4F/port.c.obj
                0x080070f0                SVC_Handler
 .text.vPortEnterCritical
                0x08007114       0x40 cmake/stm32cubemx/CMakeFiles/FreeRTOS.dir/__/__/Middlewares/Third_Party/FreeRTOS/Source/portable/GCC/ARM_CM4F/port.c.obj
                0x08007114                vPortEnterCritical
 .text.vPortExitCritical
                0x08007154       0x28 cmake/stm32cubemx/CMakeFiles/FreeRTOS.dir/__/__/Middlewares/Third_Party/FreeRTOS/Source/portable/GCC/ARM_CM4F/port.c.obj
                0x08007154                vPortExitCritical
 *fill*         0x0800717c        0x4 
 .text.PendSV_Handler
                0x08007180       0x64 cmake/stm32cubemx/CMakeFiles/FreeRTOS.dir/__/__/Middlewares/Third_Party/FreeRTOS/Source/portable/GCC/ARM_CM4F/port.c.obj
                0x08007180                PendSV_Handler
 .text.xPortSysTickHandler
                0x080071e4       0x2c cmake/stm32cubemx/CMakeFiles/FreeRTOS.dir/__/__/Middlewares/Third_Party/FreeRTOS/Source/portable/GCC/ARM_CM4F/port.c.obj
                0x080071e4                xPortSysTickHandler
 .text.vPortSetupTimerInterrupt
                0x08007210       0x24 cmake/stm32cubemx/CMakeFiles/FreeRTOS.dir/__/__/Middlewares/Third_Party/FreeRTOS/Source/portable/GCC/ARM_CM4F/port.c.obj
                0x08007210                vPortSetupTimerInterrupt
 .text.xPortStartScheduler
                0x08007234      0x104 cmake/stm32cubemx/CMakeFiles/FreeRTOS.dir/__/__/Middlewares/Third_Party/FreeRTOS/Source/portable/GCC/ARM_CM4F/port.c.obj
                0x08007234                xPortStartScheduler
 .text.vPortValidateInterruptPriority
                0x08007338       0x5c cmake/stm32cubemx/CMakeFiles/FreeRTOS.dir/__/__/Middlewares/Third_Party/FreeRTOS/Source/portable/GCC/ARM_CM4F/port.c.obj
                0x08007338                vPortValidateInterruptPriority
 .text._Z10startTask0Pv
                0x08007394       0x1a CMakeFiles/Console.dir/Core/Src/main.cpp.obj
                0x08007394                startTask0(void*)
 *fill*         0x080073ae        0x2 
 .text._Z10startTask1Pv
                0x080073b0       0x24 CMakeFiles/Console.dir/Core/Src/main.cpp.obj
                0x080073b0                startTask1(void*)
 .text._Z10startTask2Pv
                0x080073d4       0x24 CMakeFiles/Console.dir/Core/Src/main.cpp.obj
                0x080073d4                startTask2(void*)
 .text._Z10startTask3Pv
                0x080073f8       0x24 CMakeFiles/Console.dir/Core/Src/main.cpp.obj
                0x080073f8                startTask3(void*)
 .text._Z15startLoggerTaskPv
                0x0800741c        0x8 CMakeFiles/Console.dir/Core/Src/main.cpp.obj
                0x0800741c                startLoggerTask(void*)
 .text._ZNSt17_Function_handlerIFvRKNSt7__cxx1112basic_stringIcSt11char_traitsIcESaIcEEEEPS8_E10_M_managerERSt9_Any_dataRKSB_St18_Manager_operation
                0x08007424       0x20 CMakeFiles/Console.dir/Core/Src/main.cpp.obj
                0x08007424                std::_Function_handler<void (std::__cxx11::basic_string<char, std::char_traits<char>, std::allocator<char> > const&), void (*)(std::__cxx11::basic_string<char, std::char_traits<char>, std::allocator<char> > const&)>::_M_manager(std::_Any_data&, std::_Any_data const&, std::_Manager_operation)
 .text._ZNSt17_Function_handlerIFvRKNSt7__cxx1112basic_stringIcSt11char_traitsIcESaIcEEEEPS8_E9_M_invokeERKSt9_Any_dataS7_
                0x08007444        0x6 CMakeFiles/Console.dir/Core/Src/main.cpp.obj
                0x08007444                std::_Function_handler<void (std::__cxx11::basic_string<char, std::char_traits<char>, std::allocator<char> > const&), void (*)(std::__cxx11::basic_string<char, std::char_traits<char>, std::allocator<char> > const&)>::_M_invoke(std::_Any_data const&, std::__cxx11::basic_string<char, std::char_traits<char>, std::allocator<char> > const&)
 *fill*         0x0800744a        0x2 
 .text._Z16startConsoleTaskPv
                0x0800744c       0x70 CMakeFiles/Console.dir/Core/Src/main.cpp.obj
                0x0800744c                startConsoleTask(void*)
 .text._Z18SystemClock_Configv
                0x080074bc       0x72 CMakeFiles/Console.dir/Core/Src/main.cpp.obj
                0x080074bc                SystemClock_Config()
 *fill*         0x0800752e        0x2 
 .text.startup.main
                0x08007530      0x7a4 CMakeFiles/Console.dir/Core/Src/main.cpp.obj
                0x08007530                main
 .text.HAL_UART_TxCpltCallback
                0x08007cd4        0xc CMakeFiles/Console.dir/Core/Src/main.cpp.obj
                0x08007cd4                HAL_UART_TxCpltCallback
 .text.HAL_UART_RxCpltCallback
                0x08007ce0        0xc CMakeFiles/Console.dir/Core/Src/main.cpp.obj
                0x08007ce0                HAL_UART_RxCpltCallback
 .text.HAL_TIM_PeriodElapsedCallback
                0x08007cec       0x14 CMakeFiles/Console.dir/Core/Src/main.cpp.obj
                0x08007cec                HAL_TIM_PeriodElapsedCallback
 .text.Error_Handler
                0x08007d00        0x4 CMakeFiles/Console.dir/Core/Src/main.cpp.obj
                0x08007d00                Error_Handler
 .text.startup._GLOBAL__sub_I_hadc1
                0x08007d04       0x48 CMakeFiles/Console.dir/Core/Src/main.cpp.obj
 .text._write   0x08007d4c       0x14 CMakeFiles/Console.dir/Core/Src/main.cpp.obj
                0x08007d4c                _write
 .text._Z9printHelpRKNSt7__cxx1112basic_stringIcSt11char_traitsIcESaIcEEE
                0x08007d60       0x3c CMakeFiles/Console.dir/Core/Src/main.cpp.obj
                0x08007d60                printHelp(std::__cxx11::basic_string<char, std::char_traits<char>, std::allocator<char> > const&)
 .text.NMI_Handler
                0x08007d9c        0x2 CMakeFiles/Console.dir/Core/Src/stm32g4xx_it.c.obj
                0x08007d9c                NMI_Handler
 .text.HardFault_Handler
                0x08007d9e        0x2 CMakeFiles/Console.dir/Core/Src/stm32g4xx_it.c.obj
                0x08007d9e                HardFault_Handler
 .text.MemManage_Handler
                0x08007da0        0x2 CMakeFiles/Console.dir/Core/Src/stm32g4xx_it.c.obj
                0x08007da0                MemManage_Handler
 .text.BusFault_Handler
                0x08007da2        0x2 CMakeFiles/Console.dir/Core/Src/stm32g4xx_it.c.obj
                0x08007da2                BusFault_Handler
 .text.UsageFault_Handler
                0x08007da4        0x2 CMakeFiles/Console.dir/Core/Src/stm32g4xx_it.c.obj
                0x08007da4                UsageFault_Handler
 .text.DebugMon_Handler
                0x08007da6        0x2 CMakeFiles/Console.dir/Core/Src/stm32g4xx_it.c.obj
                0x08007da6                DebugMon_Handler
 .text.EXTI2_IRQHandler
                0x08007da8        0x6 CMakeFiles/Console.dir/Core/Src/stm32g4xx_it.c.obj
                0x08007da8                EXTI2_IRQHandler
 .text.EXTI4_IRQHandler
                0x08007dae        0x6 CMakeFiles/Console.dir/Core/Src/stm32g4xx_it.c.obj
                0x08007dae                EXTI4_IRQHandler
 .text.ADC1_2_IRQHandler
                0x08007db4        0xc CMakeFiles/Console.dir/Core/Src/stm32g4xx_it.c.obj
                0x08007db4                ADC1_2_IRQHandler
 .text.USB_HP_IRQHandler
                0x08007dc0        0xc CMakeFiles/Console.dir/Core/Src/stm32g4xx_it.c.obj
                0x08007dc0                USB_HP_IRQHandler
 .text.EXTI9_5_IRQHandler
                0x08007dcc        0x6 CMakeFiles/Console.dir/Core/Src/stm32g4xx_it.c.obj
                0x08007dcc                EXTI9_5_IRQHandler
 *fill*         0x08007dd2        0x2 
 .text.USART3_IRQHandler
                0x08007dd4        0xc CMakeFiles/Console.dir/Core/Src/stm32g4xx_it.c.obj
                0x08007dd4                USART3_IRQHandler
 .text.EXTI15_10_IRQHandler
                0x08007de0       0x16 CMakeFiles/Console.dir/Core/Src/stm32g4xx_it.c.obj
                0x08007de0                EXTI15_10_IRQHandler
 *fill*         0x08007df6        0x2 
 .text.TIM6_DAC_IRQHandler
                0x08007df8       0x24 CMakeFiles/Console.dir/Core/Src/stm32g4xx_it.c.obj
                0x08007df8                TIM6_DAC_IRQHandler
 .text.HRTIM1_Master_IRQHandler
                0x08007e1c        0xc CMakeFiles/Console.dir/Core/Src/stm32g4xx_it.c.obj
                0x08007e1c                HRTIM1_Master_IRQHandler
 .text.HRTIM1_TIMF_IRQHandler
                0x08007e28        0xc CMakeFiles/Console.dir/Core/Src/stm32g4xx_it.c.obj
                0x08007e28                HRTIM1_TIMF_IRQHandler
 .text.HAL_MspInit
                0x08007e34       0x3c CMakeFiles/Console.dir/Core/Src/stm32g4xx_hal_msp.c.obj
                0x08007e34                HAL_MspInit
 .text.HAL_ADC_MspInit
                0x08007e70       0xb4 CMakeFiles/Console.dir/Core/Src/stm32g4xx_hal_msp.c.obj
                0x08007e70                HAL_ADC_MspInit
 .text.HAL_COMP_MspInit
                0x08007f24       0xc4 CMakeFiles/Console.dir/Core/Src/stm32g4xx_hal_msp.c.obj
                0x08007f24                HAL_COMP_MspInit
 .text.HAL_DAC_MspInit
                0x08007fe8       0x80 CMakeFiles/Console.dir/Core/Src/stm32g4xx_hal_msp.c.obj
                0x08007fe8                HAL_DAC_MspInit
 .text.HAL_HRTIM_MspInit
                0x08008068       0x50 CMakeFiles/Console.dir/Core/Src/stm32g4xx_hal_msp.c.obj
                0x08008068                HAL_HRTIM_MspInit
 .text.HAL_HRTIM_MspPostInit
                0x080080b8       0xc0 CMakeFiles/Console.dir/Core/Src/stm32g4xx_hal_msp.c.obj
                0x080080b8                HAL_HRTIM_MspPostInit
 .text.HAL_UART_MspInit
                0x08008178       0x98 CMakeFiles/Console.dir/Core/Src/stm32g4xx_hal_msp.c.obj
                0x08008178                HAL_UART_MspInit
 .text.HAL_PCD_MspInit
                0x08008210       0x5c CMakeFiles/Console.dir/Core/Src/stm32g4xx_hal_msp.c.obj
                0x08008210                HAL_PCD_MspInit
 .text.HAL_InitTick
                0x0800826c       0x8c CMakeFiles/Console.dir/Core/Src/stm32g4xx_hal_timebase_tim.c.obj
                0x0800826c                HAL_InitTick
 .text._sbrk    0x080082f8       0x40 CMakeFiles/Console.dir/Core/Src/sysmem.c.obj
                0x080082f8                _sbrk
 .text._getpid  0x08008338        0x4 CMakeFiles/Console.dir/Core/Src/syscalls.c.obj
                0x08008338                _getpid
 .text._kill    0x0800833c       0x10 CMakeFiles/Console.dir/Core/Src/syscalls.c.obj
                0x0800833c                _kill
 .text._exit    0x0800834c        0xc CMakeFiles/Console.dir/Core/Src/syscalls.c.obj
                0x0800834c                _exit
 .text._read    0x08008358       0x1c CMakeFiles/Console.dir/Core/Src/syscalls.c.obj
                0x08008358                _read
 .text._close   0x08008374        0x6 CMakeFiles/Console.dir/Core/Src/syscalls.c.obj
                0x08008374                _close
 .text._fstat   0x0800837a        0xa CMakeFiles/Console.dir/Core/Src/syscalls.c.obj
                0x0800837a                _fstat
 .text._isatty  0x08008384        0x4 CMakeFiles/Console.dir/Core/Src/syscalls.c.obj
                0x08008384                _isatty
 .text._lseek   0x08008388        0x4 CMakeFiles/Console.dir/Core/Src/syscalls.c.obj
                0x08008388                _lseek
 .text.Reset_Handler
                0x0800838c       0x50 CMakeFiles/Console.dir/startup_stm32g474xx.s.obj
                0x0800838c                Reset_Handler
 .text.Default_Handler
                0x080083dc        0x2 CMakeFiles/Console.dir/startup_stm32g474xx.s.obj
                0x080083dc                RTC_Alarm_IRQHandler
                0x080083dc                TIM8_TRG_COM_IRQHandler
                0x080083dc                TIM8_CC_IRQHandler
                0x080083dc                SPI4_IRQHandler
                0x080083dc                FDCAN3_IT0_IRQHandler
                0x080083dc                TIM1_CC_IRQHandler
                0x080083dc                HRTIM1_FLT_IRQHandler
                0x080083dc                CORDIC_IRQHandler
                0x080083dc                HRTIM1_TIMD_IRQHandler
                0x080083dc                DMA2_Channel8_IRQHandler
                0x080083dc                EXTI3_IRQHandler
                0x080083dc                I2C3_ER_IRQHandler
                0x080083dc                EXTI0_IRQHandler
                0x080083dc                I2C2_EV_IRQHandler
                0x080083dc                FPU_IRQHandler
                0x080083dc                FDCAN1_IT1_IRQHandler
                0x080083dc                TIM1_UP_TIM16_IRQHandler
                0x080083dc                HRTIM1_TIME_IRQHandler
                0x080083dc                SPI1_IRQHandler
                0x080083dc                HRTIM1_TIMC_IRQHandler
                0x080083dc                TIM8_UP_IRQHandler
                0x080083dc                DMA2_Channel2_IRQHandler
                0x080083dc                DMA1_Channel4_IRQHandler
                0x080083dc                TIM20_TRG_COM_IRQHandler
                0x080083dc                DMA1_Channel7_IRQHandler
                0x080083dc                UART5_IRQHandler
                0x080083dc                ADC3_IRQHandler
                0x080083dc                TIM4_IRQHandler
                0x080083dc                DMA2_Channel1_IRQHandler
                0x080083dc                QUADSPI_IRQHandler
                0x080083dc                I2C1_EV_IRQHandler
                0x080083dc                DMA1_Channel6_IRQHandler
                0x080083dc                UART4_IRQHandler
                0x080083dc                DMA2_Channel4_IRQHandler
                0x080083dc                TIM3_IRQHandler
                0x080083dc                RCC_IRQHandler
                0x080083dc                TIM20_UP_IRQHandler
                0x080083dc                DMA1_Channel1_IRQHandler
                0x080083dc                Default_Handler
                0x080083dc                DMA2_Channel7_IRQHandler
                0x080083dc                RTC_TAMP_LSECSS_IRQHandler
                0x080083dc                FMAC_IRQHandler
                0x080083dc                DMA1_Channel8_IRQHandler
                0x080083dc                HRTIM1_TIMA_IRQHandler
                0x080083dc                TIM7_DAC_IRQHandler
                0x080083dc                FDCAN3_IT1_IRQHandler
                0x080083dc                TIM5_IRQHandler
                0x080083dc                UCPD1_IRQHandler
                0x080083dc                I2C3_EV_IRQHandler
                0x080083dc                RTC_WKUP_IRQHandler
                0x080083dc                PVD_PVM_IRQHandler
                0x080083dc                SPI2_IRQHandler
                0x080083dc                ADC5_IRQHandler
                0x080083dc                DMA2_Channel5_IRQHandler
                0x080083dc                CRS_IRQHandler
                0x080083dc                DMA1_Channel5_IRQHandler
                0x080083dc                USB_LP_IRQHandler
                0x080083dc                RNG_IRQHandler
                0x080083dc                HRTIM1_TIMB_IRQHandler
                0x080083dc                TIM1_TRG_COM_TIM17_IRQHandler
                0x080083dc                FDCAN2_IT1_IRQHandler
                0x080083dc                DMA1_Channel3_IRQHandler
                0x080083dc                ADC4_IRQHandler
                0x080083dc                WWDG_IRQHandler
                0x080083dc                I2C4_EV_IRQHandler
                0x080083dc                FDCAN2_IT0_IRQHandler
                0x080083dc                LPUART1_IRQHandler
                0x080083dc                DMA2_Channel6_IRQHandler
                0x080083dc                FDCAN1_IT0_IRQHandler
                0x080083dc                TIM2_IRQHandler
                0x080083dc                COMP7_IRQHandler
                0x080083dc                COMP1_2_3_IRQHandler
                0x080083dc                EXTI1_IRQHandler
                0x080083dc                USART2_IRQHandler
                0x080083dc                COMP4_5_6_IRQHandler
                0x080083dc                TIM20_BRK_IRQHandler
                0x080083dc                I2C2_ER_IRQHandler
                0x080083dc                DMA1_Channel2_IRQHandler
                0x080083dc                TIM8_BRK_IRQHandler
                0x080083dc                FLASH_IRQHandler
                0x080083dc                TIM20_CC_IRQHandler
                0x080083dc                USART1_IRQHandler
                0x080083dc                SPI3_IRQHandler
                0x080083dc                I2C1_ER_IRQHandler
                0x080083dc                FMC_IRQHandler
                0x080083dc                LPTIM1_IRQHandler
                0x080083dc                DMAMUX_OVR_IRQHandler
                0x080083dc                I2C4_ER_IRQHandler
                0x080083dc                USBWakeUp_IRQHandler
                0x080083dc                SAI1_IRQHandler
                0x080083dc                DMA2_Channel3_IRQHandler
                0x080083dc                TIM1_BRK_TIM15_IRQHandler
 *fill*         0x080083de        0x2 
 .text.LOG_write
                0x080083e0        0xc CMakeFiles/Console.dir/Core/Src/logger.c.obj
                0x080083e0                LOG_write
 .text.LOG_init
                0x080083ec       0x14 CMakeFiles/Console.dir/Core/Src/logger.c.obj
                0x080083ec                LOG_init
 .text.LOG_task
                0x08008400       0x94 CMakeFiles/Console.dir/Core/Src/logger.c.obj
                0x08008400                LOG_task
 .text._ZN4UartD2Ev
                0x08008494        0x2 CMakeFiles/Console.dir/Core/Src/uart.cpp.obj
                0x08008494                Uart::~Uart()
                0x08008494                Uart::~Uart()
 .text._ZN4UartD0Ev
                0x08008496        0xe CMakeFiles/Console.dir/Core/Src/uart.cpp.obj
                0x08008496                Uart::~Uart()
 .text._ZN4Uart8transmitEPcj
                0x080084a4       0x5c CMakeFiles/Console.dir/Core/Src/uart.cpp.obj
                0x080084a4                Uart::transmit(char*, unsigned int)
 .text._ZN4Uart7receiveEPcj
                0x08008500       0x8c CMakeFiles/Console.dir/Core/Src/uart.cpp.obj
                0x08008500                Uart::receive(char*, unsigned int)
 .text._ZN4UartC2EP20__UART_HandleTypeDef
                0x0800858c       0x18 CMakeFiles/Console.dir/Core/Src/uart.cpp.obj
                0x0800858c                Uart::Uart(__UART_HandleTypeDef*)
                0x0800858c                Uart::Uart(__UART_HandleTypeDef*)
 .text._ZN4Uart4initEv
                0x080085a4       0x30 CMakeFiles/Console.dir/Core/Src/uart.cpp.obj
                0x080085a4                Uart::init()
 .text._ZN4Uart17handleRxInterruptEP20__UART_HandleTypeDef
                0x080085d4       0x3e CMakeFiles/Console.dir/Core/Src/uart.cpp.obj
                0x080085d4                Uart::handleRxInterrupt(__UART_HandleTypeDef*)
 .text._ZN4Uart17handleTxInterruptEP20__UART_HandleTypeDef
                0x08008612       0x1e CMakeFiles/Console.dir/Core/Src/uart.cpp.obj
                0x08008612                Uart::handleTxInterrupt(__UART_HandleTypeDef*)
 .text._ZNSt7__cxx1112basic_stringIcSt11char_traitsIcESaIcEE12_M_constructIPKcEEvT_S8_St20forward_iterator_tag.isra.0
                0x08008630       0x36 CMakeFiles/Console.dir/Core/Src/console.cpp.obj
 *fill*         0x08008666        0x2 
 .text._ZNSt7__cxx1112basic_stringIcSt11char_traitsIcESaIcEE6appendEPKcj.isra.0
                0x08008668       0x28 CMakeFiles/Console.dir/Core/Src/console.cpp.obj
 .text._ZNSt14_Function_baseD2Ev
                0x08008690       0x12 CMakeFiles/Console.dir/Core/Src/console.cpp.obj
                0x08008690                std::_Function_base::~_Function_base()
                0x08008690                std::_Function_base::~_Function_base()
 .text._ZN7ConsoleC2ER4Uart
                0x080086a2       0x32 CMakeFiles/Console.dir/Core/Src/console.cpp.obj
                0x080086a2                Console::Console(Uart&)
                0x080086a2                Console::Console(Uart&)
 .text._ZN7ConsoleD2Ev
                0x080086d4       0x24 CMakeFiles/Console.dir/Core/Src/console.cpp.obj
                0x080086d4                Console::~Console()
                0x080086d4                Console::~Console()
 .text._ZN7Console15registerCommandERKNSt7__cxx1112basic_stringIcSt11char_traitsIcESaIcEEESt8functionIFvS7_EEj
                0x080086f8      0x148 CMakeFiles/Console.dir/Core/Src/console.cpp.obj
                0x080086f8                Console::registerCommand(std::__cxx11::basic_string<char, std::char_traits<char>, std::allocator<char> > const&, std::function<void (std::__cxx11::basic_string<char, std::char_traits<char>, std::allocator<char> > const&)>, unsigned int)
 .text._ZN7Console5printERNSt7__cxx1112basic_stringIcSt11char_traitsIcESaIcEEE
                0x08008840       0x1c CMakeFiles/Console.dir/Core/Src/console.cpp.obj
                0x08008840                Console::print(std::__cxx11::basic_string<char, std::char_traits<char>, std::allocator<char> >&)
 .text._ZN7Console6promptEv
                0x0800885c       0x2c CMakeFiles/Console.dir/Core/Src/console.cpp.obj
                0x0800885c                Console::prompt()
 .text._ZN7Console4initEv
                0x08008888       0x1a CMakeFiles/Console.dir/Core/Src/console.cpp.obj
                0x08008888                Console::init()
 *fill*         0x080088a2        0x2 
 .text._ZN7Console11processLineERKNSt7__cxx1112basic_stringIcSt11char_traitsIcESaIcEEE
                0x080088a4       0xf4 CMakeFiles/Console.dir/Core/Src/console.cpp.obj
                0x080088a4                Console::processLine(std::__cxx11::basic_string<char, std::char_traits<char>, std::allocator<char> > const&)
 .text._ZN7Console3runEv
                0x08008998       0x40 CMakeFiles/Console.dir/Core/Src/console.cpp.obj
                0x08008998                Console::run()
 .text.__aeabi_atexit
                0x080089d8        0xa /home/knap-linux/st/stm32cubeclt_1.18.0/GNU-tools-for-STM32/bin/../lib/gcc/arm-none-eabi/13.3.1/../../../../arm-none-eabi/lib/thumb/v7e-m+fp/hard/libstdc++_nano.a(atexit_arm.o)
                0x080089d8                __aeabi_atexit
 .text._ZdlPvj  0x080089e2        0x4 /home/knap-linux/st/stm32cubeclt_1.18.0/GNU-tools-for-STM32/bin/../lib/gcc/arm-none-eabi/13.3.1/../../../../arm-none-eabi/lib/thumb/v7e-m+fp/hard/libstdc++_nano.a(del_ops.o)
                0x080089e2                operator delete(void*, unsigned int)
 .text.unlikely._ZSt17__throw_bad_allocv
                0x080089e6        0x6 /home/knap-linux/st/stm32cubeclt_1.18.0/GNU-tools-for-STM32/bin/../lib/gcc/arm-none-eabi/13.3.1/../../../../arm-none-eabi/lib/thumb/v7e-m+fp/hard/libstdc++_nano.a(functexcept.o)
                0x080089e6                std::__throw_bad_alloc()
 .text.unlikely._ZSt20__throw_length_errorPKc
                0x080089ec        0x6 /home/knap-linux/st/stm32cubeclt_1.18.0/GNU-tools-for-STM32/bin/../lib/gcc/arm-none-eabi/13.3.1/../../../../arm-none-eabi/lib/thumb/v7e-m+fp/hard/libstdc++_nano.a(functexcept.o)
                0x080089ec                std::__throw_length_error(char const*)
 .text.unlikely._ZSt24__throw_out_of_range_fmtPKcz
                0x080089f2        0x8 /home/knap-linux/st/stm32cubeclt_1.18.0/GNU-tools-for-STM32/bin/../lib/gcc/arm-none-eabi/13.3.1/../../../../arm-none-eabi/lib/thumb/v7e-m+fp/hard/libstdc++_nano.a(functexcept.o)
                0x080089f2                std::__throw_out_of_range_fmt(char const*, ...)
 .text.unlikely._ZSt25__throw_bad_function_callv
                0x080089fa        0x6 /home/knap-linux/st/stm32cubeclt_1.18.0/GNU-tools-for-STM32/bin/../lib/gcc/arm-none-eabi/13.3.1/../../../../arm-none-eabi/lib/thumb/v7e-m+fp/hard/libstdc++_nano.a(functional.o)
                0x080089fa                std::__throw_bad_function_call()
 .text._ZNSt11char_traitsIcE4copyEPcPKcj.isra.0
                0x08008a00        0x8 /home/knap-linux/st/stm32cubeclt_1.18.0/GNU-tools-for-STM32/bin/../lib/gcc/arm-none-eabi/13.3.1/../../../../arm-none-eabi/lib/thumb/v7e-m+fp/hard/libstdc++_nano.a(string-inst.o)
 .text._ZNSt11char_traitsIcE7compareEPKcS2_j
                0x08008a08        0xa /home/knap-linux/st/stm32cubeclt_1.18.0/GNU-tools-for-STM32/bin/../lib/gcc/arm-none-eabi/13.3.1/../../../../arm-none-eabi/lib/thumb/v7e-m+fp/hard/libstdc++_nano.a(string-inst.o)
                0x08008a08                std::char_traits<char>::compare(char const*, char const*, unsigned int)
 .text._ZNSt7__cxx1112basic_stringIcSt11char_traitsIcESaIcEE11_S_allocateERS3_j
                0x08008a12       0x12 /home/knap-linux/st/stm32cubeclt_1.18.0/GNU-tools-for-STM32/bin/../lib/gcc/arm-none-eabi/13.3.1/../../../../arm-none-eabi/lib/thumb/v7e-m+fp/hard/libstdc++_nano.a(string-inst.o)
                0x08008a12                std::__cxx11::basic_string<char, std::char_traits<char>, std::allocator<char> >::_S_allocate(std::allocator<char>&, unsigned int)
 .text._ZNKSt7__cxx1112basic_stringIcSt11char_traitsIcESaIcEE11_M_is_localEv
                0x08008a24        0xc /home/knap-linux/st/stm32cubeclt_1.18.0/GNU-tools-for-STM32/bin/../lib/gcc/arm-none-eabi/13.3.1/../../../../arm-none-eabi/lib/thumb/v7e-m+fp/hard/libstdc++_nano.a(string-inst.o)
                0x08008a24                std::__cxx11::basic_string<char, std::char_traits<char>, std::allocator<char> >::_M_is_local() const
 .text._ZNSt7__cxx1112basic_stringIcSt11char_traitsIcESaIcEE9_M_createERjj
                0x08008a30       0x3c /home/knap-linux/st/stm32cubeclt_1.18.0/GNU-tools-for-STM32/bin/../lib/gcc/arm-none-eabi/13.3.1/../../../../arm-none-eabi/lib/thumb/v7e-m+fp/hard/libstdc++_nano.a(string-inst.o)
                0x08008a30                std::__cxx11::basic_string<char, std::char_traits<char>, std::allocator<char> >::_M_create(unsigned int&, unsigned int)
 .text._ZNSt7__cxx1112basic_stringIcSt11char_traitsIcESaIcEE10_M_destroyEj
                0x08008a6c        0x6 /home/knap-linux/st/stm32cubeclt_1.18.0/GNU-tools-for-STM32/bin/../lib/gcc/arm-none-eabi/13.3.1/../../../../arm-none-eabi/lib/thumb/v7e-m+fp/hard/libstdc++_nano.a(string-inst.o)
                0x08008a6c                std::__cxx11::basic_string<char, std::char_traits<char>, std::allocator<char> >::_M_destroy(unsigned int)
 .text._ZNSt7__cxx1112basic_stringIcSt11char_traitsIcESaIcEE10_M_disposeEv
                0x08008a72       0x14 /home/knap-linux/st/stm32cubeclt_1.18.0/GNU-tools-for-STM32/bin/../lib/gcc/arm-none-eabi/13.3.1/../../../../arm-none-eabi/lib/thumb/v7e-m+fp/hard/libstdc++_nano.a(string-inst.o)
                0x08008a72                std::__cxx11::basic_string<char, std::char_traits<char>, std::allocator<char> >::_M_dispose()
 *fill*         0x08008a86        0x2 
 .text._ZNKSt7__cxx1112basic_stringIcSt11char_traitsIcESaIcEE8_M_checkEjPKc
                0x08008a88       0x1c /home/knap-linux/st/stm32cubeclt_1.18.0/GNU-tools-for-STM32/bin/../lib/gcc/arm-none-eabi/13.3.1/../../../../arm-none-eabi/lib/thumb/v7e-m+fp/hard/libstdc++_nano.a(string-inst.o)
                0x08008a88                std::__cxx11::basic_string<char, std::char_traits<char>, std::allocator<char> >::_M_check(unsigned int, char const*) const
 .text._ZNKSt7__cxx1112basic_stringIcSt11char_traitsIcESaIcEE15_M_check_lengthEjjPKc
                0x08008aa4       0x18 /home/knap-linux/st/stm32cubeclt_1.18.0/GNU-tools-for-STM32/bin/../lib/gcc/arm-none-eabi/13.3.1/../../../../arm-none-eabi/lib/thumb/v7e-m+fp/hard/libstdc++_nano.a(string-inst.o)
                0x08008aa4                std::__cxx11::basic_string<char, std::char_traits<char>, std::allocator<char> >::_M_check_length(unsigned int, unsigned int, char const*) const
 .text._ZNSt7__cxx1112basic_stringIcSt11char_traitsIcESaIcEE7_S_copyEPcPKcj
                0x08008abc       0x18 /home/knap-linux/st/stm32cubeclt_1.18.0/GNU-tools-for-STM32/bin/../lib/gcc/arm-none-eabi/13.3.1/../../../../arm-none-eabi/lib/thumb/v7e-m+fp/hard/libstdc++_nano.a(string-inst.o)
                0x08008abc                std::__cxx11::basic_string<char, std::char_traits<char>, std::allocator<char> >::_S_copy(char*, char const*, unsigned int)
 .text._ZNSt7__cxx1112basic_stringIcSt11char_traitsIcESaIcEE13_S_copy_charsEPcS5_S5_
                0x08008ad4        0xa /home/knap-linux/st/stm32cubeclt_1.18.0/GNU-tools-for-STM32/bin/../lib/gcc/arm-none-eabi/13.3.1/../../../../arm-none-eabi/lib/thumb/v7e-m+fp/hard/libstdc++_nano.a(string-inst.o)
                0x08008ad4                std::__cxx11::basic_string<char, std::char_traits<char>, std::allocator<char> >::_S_copy_chars(char*, char*, char*)
 .text._ZNSt7__cxx1112basic_stringIcSt11char_traitsIcESaIcEE13_S_copy_charsEPcPKcS7_
                0x08008ade        0xa /home/knap-linux/st/stm32cubeclt_1.18.0/GNU-tools-for-STM32/bin/../lib/gcc/arm-none-eabi/13.3.1/../../../../arm-none-eabi/lib/thumb/v7e-m+fp/hard/libstdc++_nano.a(string-inst.o)
                0x08008ade                std::__cxx11::basic_string<char, std::char_traits<char>, std::allocator<char> >::_S_copy_chars(char*, char const*, char const*)
 .text._ZNKSt7__cxx1112basic_stringIcSt11char_traitsIcESaIcEE8capacityEv
                0x08008ae8       0x12 /home/knap-linux/st/stm32cubeclt_1.18.0/GNU-tools-for-STM32/bin/../lib/gcc/arm-none-eabi/13.3.1/../../../../arm-none-eabi/lib/thumb/v7e-m+fp/hard/libstdc++_nano.a(string-inst.o)
                0x08008ae8                std::__cxx11::basic_string<char, std::char_traits<char>, std::allocator<char> >::capacity() const
 .text._ZNSt7__cxx1112basic_stringIcSt11char_traitsIcESaIcEE9_M_mutateEjjPKcj
                0x08008afa       0x70 /home/knap-linux/st/stm32cubeclt_1.18.0/GNU-tools-for-STM32/bin/../lib/gcc/arm-none-eabi/13.3.1/../../../../arm-none-eabi/lib/thumb/v7e-m+fp/hard/libstdc++_nano.a(string-inst.o)
                0x08008afa                std::__cxx11::basic_string<char, std::char_traits<char>, std::allocator<char> >::_M_mutate(unsigned int, unsigned int, char const*, unsigned int)
 .text._ZNSt7__cxx1112basic_stringIcSt11char_traitsIcESaIcEE7reserveEj
                0x08008b6a       0x36 /home/knap-linux/st/stm32cubeclt_1.18.0/GNU-tools-for-STM32/bin/../lib/gcc/arm-none-eabi/13.3.1/../../../../arm-none-eabi/lib/thumb/v7e-m+fp/hard/libstdc++_nano.a(string-inst.o)